Packet checksum error: expected 0x77, computed 0x24
MTK Test OK
03:26:38 ERROR: packet_wait() failed for packet PMTK704,
MTK Firmware: Version: "", Release: AXN_1.30-B_1.3_C01, Model ID: 0008
Log format: (000A003F) UTC,VALID,LATITUDE,LONGITUDE,HEIGHT,SPEED,RCR,DISTANCE
Size in bytes of each log record: 42 + (0 * sats_in_view)
Logging TIME interval:      20.00 s
Logging DISTANCE interval:   0.00 m
Logging SPEED limit:         0.00 km/h
Recording method on memory full: (1) OVERLAP
Log status: (000100000000) AUTOLOG_OFF,OVERLAP_WHEN_FULL,ENABLE_LOG
Next write address: 5370658 (0x0051F322)
Number of records: 247133
Memory health status (failed sectors mask): FFFFFFFFFFFFFFFFFFFFFFFFFFFFFFFFFFFFFFFFFFFFFFFFFFFFFFFFFFFFFFFF
NOTE: flash size overridden to 16777216 (0x01000000) bytes via MTK_FLASH_BYTES
>> Retrieving 16777216 (0x01000000) bytes of log data from device...
Saved log data:   0.00%
Saved log data:   0.01%
Saved log data:   0.02%
Saved log data:   0.04%
Saved log data:   0.05%
Saved log data:   0.06%
Saved log data:   0.07%
Saved log data:   0.09%
Saved log data:   0.10%
Saved log data:   0.11%
Saved log data:   0.12%
Saved log data:   0.13%
Saved log data:   0.15%
Saved log data:   0.16%
Saved log data:   0.17%
Saved log data:   0.18%
Saved log data:   0.20%
Saved log data:   0.21%
Saved log data:   0.22%
Saved log data:   0.23%
Saved log data:   0.24%
Saved log data:   0.26%
Saved log data:   0.27%
Saved log data:   0.28%
Saved log data:   0.29%
Saved log data:   0.31%
Saved log data:   0.32%
Saved log data:   0.33%
Saved log data:   0.34%
Saved log data:   0.35%
Saved log data:   0.37%
Saved log data:   0.38%
Saved log data:   0.39%
Saved log data:   0.40%
Saved log data:   0.42%
Saved log data:   0.43%
Saved log data:   0.44%
Saved log data:   0.45%
Saved log data:   0.46%
Saved log data:   0.48%
Saved log data:   0.49%
Saved log data:   0.50%
Saved log data:   0.51%
Saved log data:   0.52%
Saved log data:   0.54%
Saved log data:   0.55%
Saved log data:   0.56%
Saved log data:   0.57%
Saved log data:   0.59%
Saved log data:   0.60%
Saved log data:   0.61%
Saved log data:   0.62%
Saved log data:   0.63%
Saved log data:   0.65%
Saved log data:   0.66%
Saved log data:   0.67%
Saved log data:   0.68%
Saved log data:   0.70%
Saved log data:   0.71%
Saved log data:   0.72%
Saved log data:   0.73%
Saved log data:   0.74%
Saved log data:   0.76%
Saved log data:   0.77%
Saved log data:   0.78%
Saved log data:   0.79%
Saved log data:   0.81%
Saved log data:   0.82%
Saved log data:   0.83%
Saved log data:   0.84%
Saved log data:   0.85%
Saved log data:   0.87%
Saved log data:   0.88%
Saved log data:   0.89%
Saved log data:   0.90%
Saved log data:   0.92%
Saved log data:   0.93%
Saved log data:   0.94%
Saved log data:   0.95%
Saved log data:   0.96%
Saved log data:   0.98%
Saved log data:   0.99%
Saved log data:   1.00%
Saved log data:   1.01%
Saved log data:   1.03%
Saved log data:   1.04%
Saved log data:   1.05%
Saved log data:   1.06%
Saved log data:   1.07%
Saved log data:   1.09%
Saved log data:   1.10%
Saved log data:   1.11%
Saved log data:   1.12%
Saved log data:   1.14%
Saved log data:   1.15%
Saved log data:   1.16%
Saved log data:   1.17%
Saved log data:   1.18%
Saved log data:   1.20%
Saved log data:   1.21%
Saved log data:   1.22%
Saved log data:   1.23%
Saved log data:   1.25%
Saved log data:   1.26%
Saved log data:   1.27%
Saved log data:   1.28%
Saved log data:   1.29%
Saved log data:   1.31%
Saved log data:   1.32%
Saved log data:   1.33%
Saved log data:   1.34%
Saved log data:   1.35%
Saved log data:   1.37%
Saved log data:   1.38%
Saved log data:   1.39%
Saved log data:   1.40%
Saved log data:   1.42%
Saved log data:   1.43%
Saved log data:   1.44%
Saved log data:   1.45%
Saved log data:   1.46%
Saved log data:   1.48%
Saved log data:   1.49%
Saved log data:   1.50%
Saved log data:   1.51%
Saved log data:   1.53%
Saved log data:   1.54%
Saved log data:   1.55%
Saved log data:   1.56%
Saved log data:   1.57%
Saved log data:   1.59%
Saved log data:   1.60%
Saved log data:   1.61%
Saved log data:   1.62%
Saved log data:   1.64%
Saved log data:   1.65%
Saved log data:   1.66%
Saved log data:   1.67%
Saved log data:   1.68%
Saved log data:   1.70%
Saved log data:   1.71%
Saved log data:   1.72%
Saved log data:   1.73%
Saved log data:   1.75%
Saved log data:   1.76%
Saved log data:   1.77%
Saved log data:   1.78%
Saved log data:   1.79%
Saved log data:   1.81%
Saved log data:   1.82%
Saved log data:   1.83%
Saved log data:   1.84%
Saved log data:   1.86%
Saved log data:   1.87%
Saved log data:   1.88%
Saved log data:   1.89%
Saved log data:   1.90%
Saved log data:   1.92%
Saved log data:   1.93%
Saved log data:   1.94%
Saved log data:   1.95%
Saved log data:   1.97%
Saved log data:   1.98%
Saved log data:   1.99%
Saved log data:   2.00%
Saved log data:   2.01%
Saved log data:   2.03%
Saved log data:   2.04%
Saved log data:   2.05%
Saved log data:   2.06%
Saved log data:   2.08%
Saved log data:   2.09%
Saved log data:   2.10%
Saved log data:   2.11%
Saved log data:   2.12%
Saved log data:   2.14%
Saved log data:   2.15%
Saved log data:   2.16%
Saved log data:   2.17%
Saved log data:   2.19%
Saved log data:   2.20%
Saved log data:   2.21%
Saved log data:   2.22%
Saved log data:   2.23%
Saved log data:   2.25%
Saved log data:   2.26%
Saved log data:   2.27%
Saved log data:   2.28%
Saved log data:   2.29%
Saved log data:   2.31%
Saved log data:   2.32%
Saved log data:   2.33%
Saved log data:   2.34%
Saved log data:   2.36%
Saved log data:   2.37%
Saved log data:   2.38%
Saved log data:   2.39%
Saved log data:   2.40%
Saved log data:   2.42%
Saved log data:   2.43%
Saved log data:   2.44%
Saved log data:   2.45%
Saved log data:   2.47%
Saved log data:   2.48%
Saved log data:   2.49%
Saved log data:   2.50%
Saved log data:   2.51%
Saved log data:   2.53%
Saved log data:   2.54%
Saved log data:   2.55%
Saved log data:   2.56%
Saved log data:   2.58%
Saved log data:   2.59%
Saved log data:   2.60%
Saved log data:   2.61%
Saved log data:   2.62%
Saved log data:   2.64%
Saved log data:   2.65%
Saved log data:   2.66%
Saved log data:   2.67%
Saved log data:   2.69%
Saved log data:   2.70%
Saved log data:   2.71%
Saved log data:   2.72%
Saved log data:   2.73%
Saved log data:   2.75%
Saved log data:   2.76%
Saved log data:   2.77%
Saved log data:   2.78%
Saved log data:   2.80%
Saved log data:   2.81%
Saved log data:   2.82%
Saved log data:   2.83%
Saved log data:   2.84%
Saved log data:   2.86%
Saved log data:   2.87%
Saved log data:   2.88%
Saved log data:   2.89%
Saved log data:   2.91%
Saved log data:   2.92%
Saved log data:   2.93%
Saved log data:   2.94%
Saved log data:   2.95%
Saved log data:   2.97%
Saved log data:   2.98%
Saved log data:   2.99%
Saved log data:   3.00%
Saved log data:   3.02%
Saved log data:   3.03%
Saved log data:   3.04%
Saved log data:   3.05%
Saved log data:   3.06%
Saved log data:   3.08%
Saved log data:   3.09%
Saved log data:   3.10%
Saved log data:   3.11%
Saved log data:   3.12%
Saved log data:   3.14%
Saved log data:   3.15%
Saved log data:   3.16%
Saved log data:   3.17%
Saved log data:   3.19%
Saved log data:   3.20%
Saved log data:   3.21%
Saved log data:   3.22%
Saved log data:   3.23%
Saved log data:   3.25%
Saved log data:   3.26%
Saved log data:   3.27%
Saved log data:   3.28%
Saved log data:   3.30%
Saved log data:   3.31%
Saved log data:   3.32%
Saved log data:   3.33%
Saved log data:   3.34%
Saved log data:   3.36%
Saved log data:   3.37%
Saved log data:   3.38%
Saved log data:   3.39%
Saved log data:   3.41%
Saved log data:   3.42%
Saved log data:   3.43%
Saved log data:   3.44%
Saved log data:   3.45%
Saved log data:   3.47%
Saved log data:   3.48%
Saved log data:   3.49%
Saved log data:   3.50%
Saved log data:   3.52%
Saved log data:   3.53%
Saved log data:   3.54%
Saved log data:   3.55%
Saved log data:   3.56%
Saved log data:   3.58%
Saved log data:   3.59%
Saved log data:   3.60%
Saved log data:   3.61%
Saved log data:   3.63%
Saved log data:   3.64%
Saved log data:   3.65%
Saved log data:   3.66%
Saved log data:   3.67%
Saved log data:   3.69%
Saved log data:   3.70%
Saved log data:   3.71%
Saved log data:   3.72%
Saved log data:   3.74%
Saved log data:   3.75%
Saved log data:   3.76%
Saved log data:   3.77%
Saved log data:   3.78%
Saved log data:   3.80%
Saved log data:   3.81%
Saved log data:   3.82%
Saved log data:   3.83%
Saved log data:   3.85%
Saved log data:   3.86%
Saved log data:   3.87%
Saved log data:   3.88%
Saved log data:   3.89%
Saved log data:   3.91%
Saved log data:   3.92%
Saved log data:   3.93%
Saved log data:   3.94%
Saved log data:   3.96%
Saved log data:   3.97%
Saved log data:   3.98%
Saved log data:   3.99%
Saved log data:   4.00%
Saved log data:   4.02%
Saved log data:   4.03%
Saved log data:   4.04%
Saved log data:   4.05%
Saved log data:   4.06%
Saved log data:   4.08%
Saved log data:   4.09%
Saved log data:   4.10%
Saved log data:   4.11%
Saved log data:   4.13%
Saved log data:   4.14%
Saved log data:   4.15%
Saved log data:   4.16%
Saved log data:   4.17%
Saved log data:   4.19%
Saved log data:   4.20%
Saved log data:   4.21%
Saved log data:   4.22%
Saved log data:   4.24%
Saved log data:   4.25%
Saved log data:   4.26%
Saved log data:   4.27%
Saved log data:   4.28%
Saved log data:   4.30%
Saved log data:   4.31%
Saved log data:   4.32%
Saved log data:   4.33%
Saved log data:   4.35%
Saved log data:   4.36%
Saved log data:   4.37%
Saved log data:   4.38%
Saved log data:   4.39%
Saved log data:   4.41%
Saved log data:   4.42%
Saved log data:   4.43%
Saved log data:   4.44%
Saved log data:   4.46%
Saved log data:   4.47%
Saved log data:   4.48%
Saved log data:   4.49%
Saved log data:   4.50%
Saved log data:   4.52%
Saved log data:   4.53%
Saved log data:   4.54%
Saved log data:   4.55%
Saved log data:   4.57%
Saved log data:   4.58%
Saved log data:   4.59%
Saved log data:   4.60%
Saved log data:   4.61%
Saved log data:   4.63%
Saved log data:   4.64%
Saved log data:   4.65%
Saved log data:   4.66%
Saved log data:   4.68%
Saved log data:   4.69%
Saved log data:   4.70%
Saved log data:   4.71%
Saved log data:   4.72%
Saved log data:   4.74%
Saved log data:   4.75%
Saved log data:   4.76%
Saved log data:   4.77%
Saved log data:   4.79%
Saved log data:   4.80%
Saved log data:   4.81%
Saved log data:   4.82%
Saved log data:   4.83%
Saved log data:   4.85%
Saved log data:   4.86%
Saved log data:   4.87%
Saved log data:   4.88%
Saved log data:   4.90%
Saved log data:   4.91%
Saved log data:   4.92%
Saved log data:   4.93%
Saved log data:   4.94%
Saved log data:   4.96%
Saved log data:   4.97%
Saved log data:   4.98%
Saved log data:   4.99%
Saved log data:   5.00%
Saved log data:   5.02%
Saved log data:   5.03%
Saved log data:   5.04%
Saved log data:   5.05%
Saved log data:   5.07%
Saved log data:   5.08%
Saved log data:   5.09%
Saved log data:   5.10%
Saved log data:   5.11%
Saved log data:   5.13%
Saved log data:   5.14%
Saved log data:   5.15%
Saved log data:   5.16%
Saved log data:   5.18%
Saved log data:   5.19%
Saved log data:   5.20%
Saved log data:   5.21%
Saved log data:   5.22%
Saved log data:   5.24%
Saved log data:   5.25%
Saved log data:   5.26%
Saved log data:   5.27%
Saved log data:   5.29%
Saved log data:   5.30%
Saved log data:   5.31%
Saved log data:   5.32%
Saved log data:   5.33%
Saved log data:   5.35%
Saved log data:   5.36%
Saved log data:   5.37%
Saved log data:   5.38%
Saved log data:   5.40%
Saved log data:   5.41%
Saved log data:   5.42%
Saved log data:   5.43%
Saved log data:   5.44%
Saved log data:   5.46%
Saved log data:   5.47%
Saved log data:   5.48%
Saved log data:   5.49%
Saved log data:   5.51%
Saved log data:   5.52%
Saved log data:   5.53%
Saved log data:   5.54%
Saved log data:   5.55%
Saved log data:   5.57%
Saved log data:   5.58%
Saved log data:   5.59%
Saved log data:   5.60%
Saved log data:   5.62%
Saved log data:   5.63%
Saved log data:   5.64%
Saved log data:   5.65%
Saved log data:   5.66%
Saved log data:   5.68%
Saved log data:   5.69%
Saved log data:   5.70%
Saved log data:   5.71%
Saved log data:   5.73%
Saved log data:   5.74%
Saved log data:   5.75%
Saved log data:   5.76%
Saved log data:   5.77%
Saved log data:   5.79%
Saved log data:   5.80%
Saved log data:   5.81%
Saved log data:   5.82%
Saved log data:   5.83%
Saved log data:   5.85%
Saved log data:   5.86%
Saved log data:   5.87%
Saved log data:   5.88%
Saved log data:   5.90%
Saved log data:   5.91%
Saved log data:   5.92%
Saved log data:   5.93%
Saved log data:   5.94%
Saved log data:   5.96%
Saved log data:   5.97%
Saved log data:   5.98%
Saved log data:   5.99%
Saved log data:   6.01%
Saved log data:   6.02%
Saved log data:   6.03%
Saved log data:   6.04%
Saved log data:   6.05%
Saved log data:   6.07%
Saved log data:   6.08%
Saved log data:   6.09%
Saved log data:   6.10%
Saved log data:   6.12%
Saved log data:   6.13%
Saved log data:   6.14%
Saved log data:   6.15%
Saved log data:   6.16%
Saved log data:   6.18%
Saved log data:   6.19%
Saved log data:   6.20%
Saved log data:   6.21%
Saved log data:   6.23%
Saved log data:   6.24%
Saved log data:   6.25%
Saved log data:   6.26%
Saved log data:   6.27%
Saved log data:   6.29%
Saved log data:   6.30%
Saved log data:   6.31%
Saved log data:   6.32%
Saved log data:   6.34%
Saved log data:   6.35%
Saved log data:   6.36%
Saved log data:   6.37%
Saved log data:   6.38%
Saved log data:   6.40%
Saved log data:   6.41%
Saved log data:   6.42%
Saved log data:   6.43%
Saved log data:   6.45%
Saved log data:   6.46%
Saved log data:   6.47%
Saved log data:   6.48%
Saved log data:   6.49%
Saved log data:   6.51%
Saved log data:   6.52%
Saved log data:   6.53%
Saved log data:   6.54%
Saved log data:   6.56%
Saved log data:   6.57%
Saved log data:   6.58%
Saved log data:   6.59%
Saved log data:   6.60%
Saved log data:   6.62%
Saved log data:   6.63%
Saved log data:   6.64%
Saved log data:   6.65%
Saved log data:   6.67%
Saved log data:   6.68%
Saved log data:   6.69%
Saved log data:   6.70%
Saved log data:   6.71%
Saved log data:   6.73%
Saved log data:   6.74%
Saved log data:   6.75%
Saved log data:   6.76%
Saved log data:   6.77%
Saved log data:   6.79%
Saved log data:   6.80%
Saved log data:   6.81%
Saved log data:   6.82%
Saved log data:   6.84%
Saved log data:   6.85%
Saved log data:   6.86%
Saved log data:   6.87%
Saved log data:   6.88%
Saved log data:   6.90%
Saved log data:   6.91%
Saved log data:   6.92%
Saved log data:   6.93%
Saved log data:   6.95%
Saved log data:   6.96%
Saved log data:   6.97%
Saved log data:   6.98%
Saved log data:   6.99%
Saved log data:   7.01%
Saved log data:   7.02%
Saved log data:   7.03%
Saved log data:   7.04%
Saved log data:   7.06%
Saved log data:   7.07%
Saved log data:   7.08%
Saved log data:   7.09%
Saved log data:   7.10%
Saved log data:   7.12%
Saved log data:   7.13%
Saved log data:   7.14%
Saved log data:   7.15%
Saved log data:   7.17%
Saved log data:   7.18%
Saved log data:   7.19%
Saved log data:   7.20%
Saved log data:   7.21%
Saved log data:   7.23%
Saved log data:   7.24%
Saved log data:   7.25%
Saved log data:   7.26%
Saved log data:   7.28%
Saved log data:   7.29%
Saved log data:   7.30%
Saved log data:   7.31%
Saved log data:   7.32%
Saved log data:   7.34%
Saved log data:   7.35%
Saved log data:   7.36%
Saved log data:   7.37%
Saved log data:   7.39%
Saved log data:   7.40%
Saved log data:   7.41%
Saved log data:   7.42%
Saved log data:   7.43%
Saved log data:   7.45%
Saved log data:   7.46%
Saved log data:   7.47%
Saved log data:   7.48%
Saved log data:   7.50%
Saved log data:   7.51%
Saved log data:   7.52%
Saved log data:   7.53%
Saved log data:   7.54%
Saved log data:   7.56%
Saved log data:   7.57%
Saved log data:   7.58%
Saved log data:   7.59%
Saved log data:   7.60%
Saved log data:   7.62%
Saved log data:   7.63%
Saved log data:   7.64%
Saved log data:   7.65%
Saved log data:   7.67%
Saved log data:   7.68%
Saved log data:   7.69%
Saved log data:   7.70%
Saved log data:   7.71%
Saved log data:   7.73%
Saved log data:   7.74%
Saved log data:   7.75%
Saved log data:   7.76%
Saved log data:   7.78%
Saved log data:   7.79%
Saved log data:   7.80%
Saved log data:   7.81%
Saved log data:   7.82%
Saved log data:   7.84%
Saved log data:   7.85%
Saved log data:   7.86%
Saved log data:   7.87%
Saved log data:   7.89%
Saved log data:   7.90%
Saved log data:   7.91%
Saved log data:   7.92%
Saved log data:   7.93%
Saved log data:   7.95%
Saved log data:   7.96%
Saved log data:   7.97%
Saved log data:   7.98%
Saved log data:   8.00%
Saved log data:   8.01%
Saved log data:   8.02%
Saved log data:   8.03%
Saved log data:   8.04%
Saved log data:   8.06%
Saved log data:   8.07%
Saved log data:   8.08%
Saved log data:   8.09%
Saved log data:   8.11%
Saved log data:   8.12%
Saved log data:   8.13%
Saved log data:   8.14%
Saved log data:   8.15%
Saved log data:   8.17%
Saved log data:   8.18%
Saved log data:   8.19%
Saved log data:   8.20%
Saved log data:   8.22%
Saved log data:   8.23%
Saved log data:   8.24%
Saved log data:   8.25%
Saved log data:   8.26%
Saved log data:   8.28%
Saved log data:   8.29%
Saved log data:   8.30%
Saved log data:   8.31%
Saved log data:   8.33%
Saved log data:   8.34%
Saved log data:   8.35%
Saved log data:   8.36%
Saved log data:   8.37%
Saved log data:   8.39%
Saved log data:   8.40%
Saved log data:   8.41%
Saved log data:   8.42%
Saved log data:   8.44%
Saved log data:   8.45%
Saved log data:   8.46%
Saved log data:   8.47%
Saved log data:   8.48%
Saved log data:   8.50%
Saved log data:   8.51%
Saved log data:   8.52%
Saved log data:   8.53%
Saved log data:   8.54%
Saved log data:   8.56%
Saved log data:   8.57%
Saved log data:   8.58%
Saved log data:   8.59%
Saved log data:   8.61%
Saved log data:   8.62%
Saved log data:   8.63%
Saved log data:   8.64%
Saved log data:   8.65%
Saved log data:   8.67%
Saved log data:   8.68%
Saved log data:   8.69%
Saved log data:   8.70%
Saved log data:   8.72%
Saved log data:   8.73%
Saved log data:   8.74%
Saved log data:   8.75%
Saved log data:   8.76%
Saved log data:   8.78%
Saved log data:   8.79%
Saved log data:   8.80%
Saved log data:   8.81%
Saved log data:   8.83%
Saved log data:   8.84%
Saved log data:   8.85%
Saved log data:   8.86%
Saved log data:   8.87%
Saved log data:   8.89%
Saved log data:   8.90%
Saved log data:   8.91%
Saved log data:   8.92%
Saved log data:   8.94%
Saved log data:   8.95%
Saved log data:   8.96%
Saved log data:   8.97%
Saved log data:   8.98%
Saved log data:   9.00%
Saved log data:   9.01%
Saved log data:   9.02%
Saved log data:   9.03%
Saved log data:   9.05%
Saved log data:   9.06%
Saved log data:   9.07%
Saved log data:   9.08%
Saved log data:   9.09%
Saved log data:   9.11%
Saved log data:   9.12%
Saved log data:   9.13%
Saved log data:   9.14%
Saved log data:   9.16%
Saved log data:   9.17%
Saved log data:   9.18%
Saved log data:   9.19%
Saved log data:   9.20%
Saved log data:   9.22%
Saved log data:   9.23%
Saved log data:   9.24%
Saved log data:   9.25%
Saved log data:   9.27%
Saved log data:   9.28%
Saved log data:   9.29%
Saved log data:   9.30%
Saved log data:   9.31%
Saved log data:   9.33%
Saved log data:   9.34%
Saved log data:   9.35%
Saved log data:   9.36%
Saved log data:   9.38%
Saved log data:   9.39%
Saved log data:   9.40%
Saved log data:   9.41%
Saved log data:   9.42%
Saved log data:   9.44%
Saved log data:   9.45%
Saved log data:   9.46%
Saved log data:   9.47%
Saved log data:   9.48%
Saved log data:   9.50%
Saved log data:   9.51%
Saved log data:   9.52%
Saved log data:   9.53%
Saved log data:   9.55%
Saved log data:   9.56%
Saved log data:   9.57%
Saved log data:   9.58%
Saved log data:   9.59%
Saved log data:   9.61%
Saved log data:   9.62%
Saved log data:   9.63%
Saved log data:   9.64%
Saved log data:   9.66%
Saved log data:   9.67%
Saved log data:   9.68%
Saved log data:   9.69%
Saved log data:   9.70%
Saved log data:   9.72%
Saved log data:   9.73%
Saved log data:   9.74%
Saved log data:   9.75%
Saved log data:   9.77%
Saved log data:   9.78%
Saved log data:   9.79%
Saved log data:   9.80%
Saved log data:   9.81%
Saved log data:   9.83%
Saved log data:   9.84%
Saved log data:   9.85%
Saved log data:   9.86%
Saved log data:   9.88%
Saved log data:   9.89%
Saved log data:   9.90%
Saved log data:   9.91%
Saved log data:   9.92%
Saved log data:   9.94%
Saved log data:   9.95%
Saved log data:   9.96%
Saved log data:   9.97%
Saved log data:   9.99%
Saved log data:  10.00%
Saved log data:  10.01%
Saved log data:  10.02%
Saved log data:  10.03%
Saved log data:  10.05%
Saved log data:  10.06%
Saved log data:  10.07%
Saved log data:  10.08%
Saved log data:  10.10%
Saved log data:  10.11%
Saved log data:  10.12%
Saved log data:  10.13%
Saved log data:  10.14%
Saved log data:  10.16%
Saved log data:  10.17%
Saved log data:  10.18%
Saved log data:  10.19%
Saved log data:  10.21%
Saved log data:  10.22%
Saved log data:  10.23%
Saved log data:  10.24%
Saved log data:  10.25%
Saved log data:  10.27%
Saved log data:  10.28%
Saved log data:  10.29%
Saved log data:  10.30%
Saved log data:  10.31%
Saved log data:  10.33%
Saved log data:  10.34%
Saved log data:  10.35%
Saved log data:  10.36%
Saved log data:  10.38%
Saved log data:  10.39%
Saved log data:  10.40%
Saved log data:  10.41%
Saved log data:  10.42%
Saved log data:  10.44%
Saved log data:  10.45%
Saved log data:  10.46%
Saved log data:  10.47%
Saved log data:  10.49%
Saved log data:  10.50%
Saved log data:  10.51%
Saved log data:  10.52%
Saved log data:  10.53%
Saved log data:  10.55%
Saved log data:  10.56%
Saved log data:  10.57%
Saved log data:  10.58%
Saved log data:  10.60%
Saved log data:  10.61%
Saved log data:  10.62%
Saved log data:  10.63%
Saved log data:  10.64%
Saved log data:  10.66%
Saved log data:  10.67%
Saved log data:  10.68%
Saved log data:  10.69%
Saved log data:  10.71%
Saved log data:  10.72%
Saved log data:  10.73%
Saved log data:  10.74%
Saved log data:  10.75%
Saved log data:  10.77%
Saved log data:  10.78%
Saved log data:  10.79%
Saved log data:  10.80%
Saved log data:  10.82%
Saved log data:  10.83%
Saved log data:  10.84%
Saved log data:  10.85%
Saved log data:  10.86%
Saved log data:  10.88%
Saved log data:  10.89%
Saved log data:  10.90%
Saved log data:  10.91%
Saved log data:  10.93%
Saved log data:  10.94%
Saved log data:  10.95%
Saved log data:  10.96%
Saved log data:  10.97%
Saved log data:  10.99%
Saved log data:  11.00%
Saved log data:  11.01%
Saved log data:  11.02%
Saved log data:  11.04%
Saved log data:  11.05%
Saved log data:  11.06%
Saved log data:  11.07%
Saved log data:  11.08%
Saved log data:  11.10%
Saved log data:  11.11%
Saved log data:  11.12%
Saved log data:  11.13%
Saved log data:  11.15%
Saved log data:  11.16%
Saved log data:  11.17%
Saved log data:  11.18%
Saved log data:  11.19%
Saved log data:  11.21%
Saved log data:  11.22%
Saved log data:  11.23%
Saved log data:  11.24%
Saved log data:  11.25%
Saved log data:  11.27%
Saved log data:  11.28%
Saved log data:  11.29%
Saved log data:  11.30%
Saved log data:  11.32%
Saved log data:  11.33%
Saved log data:  11.34%
Saved log data:  11.35%
Saved log data:  11.36%
Saved log data:  11.38%
Saved log data:  11.39%
Saved log data:  11.40%
Saved log data:  11.41%
Saved log data:  11.43%
Saved log data:  11.44%
Saved log data:  11.45%
Saved log data:  11.46%
Saved log data:  11.47%
Saved log data:  11.49%
Saved log data:  11.50%
Saved log data:  11.51%
Saved log data:  11.52%
Saved log data:  11.54%
Saved log data:  11.55%
Saved log data:  11.56%
Saved log data:  11.57%
Saved log data:  11.58%
Saved log data:  11.60%
Saved log data:  11.61%
Saved log data:  11.62%
Saved log data:  11.63%
Saved log data:  11.65%
Saved log data:  11.66%
Saved log data:  11.67%
Saved log data:  11.68%
Saved log data:  11.69%
Saved log data:  11.71%
Saved log data:  11.72%
Saved log data:  11.73%
Saved log data:  11.74%
Saved log data:  11.76%
Saved log data:  11.77%
Saved log data:  11.78%
Saved log data:  11.79%
Saved log data:  11.80%
Saved log data:  11.82%
Saved log data:  11.83%
Saved log data:  11.84%
Saved log data:  11.85%
Saved log data:  11.87%
Saved log data:  11.88%
Saved log data:  11.89%
Saved log data:  11.90%
Saved log data:  11.91%
Saved log data:  11.93%
Saved log data:  11.94%
Saved log data:  11.95%
Saved log data:  11.96%
Saved log data:  11.98%
Saved log data:  11.99%
Saved log data:  12.00%
Saved log data:  12.01%
Saved log data:  12.02%
Saved log data:  12.04%
Saved log data:  12.05%
Saved log data:  12.06%
Saved log data:  12.07%
Saved log data:  12.08%
Saved log data:  12.10%
Saved log data:  12.11%
Saved log data:  12.12%
Saved log data:  12.13%
Saved log data:  12.15%
Saved log data:  12.16%
Saved log data:  12.17%
Saved log data:  12.18%
Saved log data:  12.19%
Saved log data:  12.21%
Saved log data:  12.22%
Saved log data:  12.23%
Saved log data:  12.24%
Saved log data:  12.26%
Saved log data:  12.27%
Saved log data:  12.28%
Saved log data:  12.29%
Saved log data:  12.30%
Saved log data:  12.32%
Saved log data:  12.33%
Saved log data:  12.34%
Saved log data:  12.35%
Saved log data:  12.37%
Saved log data:  12.38%
Saved log data:  12.39%
Saved log data:  12.40%
Saved log data:  12.41%
Saved log data:  12.43%
Saved log data:  12.44%
Saved log data:  12.45%
Saved log data:  12.46%
Saved log data:  12.48%
Saved log data:  12.49%
Saved log data:  12.50%
Saved log data:  12.51%
Saved log data:  12.52%
Saved log data:  12.54%
Saved log data:  12.55%
Saved log data:  12.56%
Saved log data:  12.57%
Saved log data:  12.59%
Saved log data:  12.60%
Saved log data:  12.61%
Saved log data:  12.62%
Saved log data:  12.63%
Saved log data:  12.65%
Saved log data:  12.66%
Saved log data:  12.67%
Saved log data:  12.68%
Saved log data:  12.70%
Saved log data:  12.71%
Saved log data:  12.72%
Saved log data:  12.73%
Saved log data:  12.74%
Saved log data:  12.76%
Saved log data:  12.77%
Saved log data:  12.78%
Saved log data:  12.79%
Saved log data:  12.81%
Saved log data:  12.82%
Saved log data:  12.83%
Saved log data:  12.84%
Saved log data:  12.85%
Saved log data:  12.87%
Saved log data:  12.88%
Saved log data:  12.89%
Saved log data:  12.90%
Saved log data:  12.92%
Saved log data:  12.93%
Saved log data:  12.94%
Saved log data:  12.95%
Saved log data:  12.96%
Saved log data:  12.98%
Saved log data:  12.99%
Saved log data:  13.00%
Saved log data:  13.01%
Saved log data:  13.02%
Saved log data:  13.04%
Saved log data:  13.05%
Saved log data:  13.06%
Saved log data:  13.07%
Saved log data:  13.09%
Saved log data:  13.10%
Saved log data:  13.11%
Saved log data:  13.12%
Saved log data:  13.13%
Saved log data:  13.15%
Saved log data:  13.16%
Saved log data:  13.17%
Saved log data:  13.18%
Saved log data:  13.20%
Saved log data:  13.21%
Saved log data:  13.22%
Saved log data:  13.23%
Saved log data:  13.24%
Saved log data:  13.26%
Saved log data:  13.27%
Saved log data:  13.28%
Saved log data:  13.29%
Saved log data:  13.31%
Saved log data:  13.32%
Saved log data:  13.33%
Saved log data:  13.34%
Saved log data:  13.35%
Saved log data:  13.37%
Saved log data:  13.38%
Saved log data:  13.39%
Saved log data:  13.40%
Saved log data:  13.42%
Saved log data:  13.43%
Saved log data:  13.44%
Saved log data:  13.45%
Saved log data:  13.46%
Saved log data:  13.48%
Saved log data:  13.49%
Saved log data:  13.50%
Saved log data:  13.51%
Saved log data:  13.53%
Saved log data:  13.54%
Saved log data:  13.55%
Saved log data:  13.56%
Saved log data:  13.57%
Saved log data:  13.59%
Saved log data:  13.60%
Saved log data:  13.61%
Saved log data:  13.62%
Saved log data:  13.64%
Saved log data:  13.65%
Saved log data:  13.66%
Saved log data:  13.67%
Saved log data:  13.68%
Saved log data:  13.70%
Saved log data:  13.71%
Saved log data:  13.72%
Saved log data:  13.73%
Saved log data:  13.75%
Saved log data:  13.76%
Saved log data:  13.77%
Saved log data:  13.78%
Saved log data:  13.79%
Saved log data:  13.81%
Saved log data:  13.82%
Saved log data:  13.83%
Saved log data:  13.84%
Saved log data:  13.85%
Saved log data:  13.87%
Saved log data:  13.88%
Saved log data:  13.89%
Saved log data:  13.90%
Saved log data:  13.92%
Saved log data:  13.93%
Saved log data:  13.94%
Saved log data:  13.95%
Saved log data:  13.96%
Saved log data:  13.98%
Saved log data:  13.99%
Saved log data:  14.00%
Saved log data:  14.01%
Saved log data:  14.03%
Saved log data:  14.04%
Saved log data:  14.05%
Saved log data:  14.06%
Saved log data:  14.07%
Saved log data:  14.09%
Saved log data:  14.10%
Saved log data:  14.11%
Saved log data:  14.12%
Saved log data:  14.14%
Saved log data:  14.15%
Saved log data:  14.16%
Saved log data:  14.17%
Saved log data:  14.18%
Saved log data:  14.20%
Saved log data:  14.21%
Saved log data:  14.22%
Saved log data:  14.23%
Saved log data:  14.25%
Saved log data:  14.26%
Saved log data:  14.27%
Saved log data:  14.28%
Saved log data:  14.29%
Saved log data:  14.31%
Saved log data:  14.32%
Saved log data:  14.33%
Saved log data:  14.34%
Saved log data:  14.36%
Saved log data:  14.37%
Saved log data:  14.38%
Saved log data:  14.39%
Saved log data:  14.40%
Saved log data:  14.42%
Saved log data:  14.43%
Saved log data:  14.44%
Saved log data:  14.45%
Saved log data:  14.47%
Saved log data:  14.48%
Saved log data:  14.49%
Saved log data:  14.50%
Saved log data:  14.51%
Saved log data:  14.53%
Saved log data:  14.54%
Saved log data:  14.55%
Saved log data:  14.56%
Saved log data:  14.58%
Saved log data:  14.59%
Saved log data:  14.60%
Saved log data:  14.61%
Saved log data:  14.62%
Saved log data:  14.64%
Saved log data:  14.65%
Saved log data:  14.66%
Saved log data:  14.67%
Saved log data:  14.69%
Saved log data:  14.70%
Saved log data:  14.71%
Saved log data:  14.72%
Saved log data:  14.73%
Saved log data:  14.75%
Saved log data:  14.76%
Saved log data:  14.77%
Saved log data:  14.78%
Saved log data:  14.79%
Saved log data:  14.81%
Saved log data:  14.82%
Saved log data:  14.83%
Saved log data:  14.84%
Saved log data:  14.86%
Saved log data:  14.87%
Saved log data:  14.88%
Saved log data:  14.89%
Saved log data:  14.90%
Saved log data:  14.92%
Saved log data:  14.93%
Saved log data:  14.94%
Saved log data:  14.95%
Saved log data:  14.97%
Saved log data:  14.98%
Saved log data:  14.99%
Saved log data:  15.00%
Saved log data:  15.01%
Saved log data:  15.03%
Saved log data:  15.04%
Saved log data:  15.05%
Saved log data:  15.06%
Saved log data:  15.08%
Saved log data:  15.09%
Saved log data:  15.10%
Saved log data:  15.11%
Saved log data:  15.12%
Saved log data:  15.14%
Saved log data:  15.15%
Saved log data:  15.16%
Saved log data:  15.17%
Saved log data:  15.19%
Saved log data:  15.20%
Saved log data:  15.21%
Saved log data:  15.22%
Saved log data:  15.23%
Saved log data:  15.25%
Saved log data:  15.26%
Saved log data:  15.27%
Saved log data:  15.28%
Saved log data:  15.30%
Saved log data:  15.31%
Saved log data:  15.32%
Saved log data:  15.33%
Saved log data:  15.34%
Saved log data:  15.36%
Saved log data:  15.37%
Saved log data:  15.38%
Saved log data:  15.39%
Saved log data:  15.41%
Saved log data:  15.42%
Saved log data:  15.43%
Saved log data:  15.44%
Saved log data:  15.45%
Saved log data:  15.47%
Saved log data:  15.48%
Saved log data:  15.49%
Saved log data:  15.50%
Saved log data:  15.52%
Saved log data:  15.53%
Saved log data:  15.54%
Saved log data:  15.55%
Saved log data:  15.56%
Saved log data:  15.58%
Saved log data:  15.59%
Saved log data:  15.60%
Saved log data:  15.61%
Saved log data:  15.62%
Saved log data:  15.64%
Saved log data:  15.65%
Saved log data:  15.66%
Saved log data:  15.67%
Saved log data:  15.69%
Saved log data:  15.70%
Saved log data:  15.71%
Saved log data:  15.72%
Saved log data:  15.73%
Saved log data:  15.75%
Saved log data:  15.76%
Saved log data:  15.77%
Saved log data:  15.78%
Saved log data:  15.80%
Saved log data:  15.81%
Saved log data:  15.82%
Saved log data:  15.83%
Saved log data:  15.84%
Saved log data:  15.86%
Saved log data:  15.87%
Saved log data:  15.88%
Saved log data:  15.89%
Saved log data:  15.91%
Saved log data:  15.92%
Saved log data:  15.93%
Saved log data:  15.94%
Saved log data:  15.95%
Saved log data:  15.97%
Saved log data:  15.98%
Saved log data:  15.99%
Saved log data:  16.00%
Saved log data:  16.02%
Saved log data:  16.03%
Saved log data:  16.04%
Saved log data:  16.05%
Saved log data:  16.06%
Saved log data:  16.08%
Saved log data:  16.09%
Saved log data:  16.10%
Saved log data:  16.11%
Saved log data:  16.13%
Saved log data:  16.14%
Saved log data:  16.15%
Saved log data:  16.16%
Saved log data:  16.17%
Saved log data:  16.19%
Saved log data:  16.20%
Saved log data:  16.21%
Saved log data:  16.22%
Saved log data:  16.24%
Saved log data:  16.25%
Saved log data:  16.26%
Saved log data:  16.27%
Saved log data:  16.28%
Saved log data:  16.30%
Saved log data:  16.31%
Saved log data:  16.32%
Saved log data:  16.33%
Saved log data:  16.35%
Saved log data:  16.36%
Saved log data:  16.37%
Saved log data:  16.38%
Saved log data:  16.39%
Saved log data:  16.41%
Saved log data:  16.42%
Saved log data:  16.43%
Saved log data:  16.44%
Saved log data:  16.46%
Saved log data:  16.47%
Saved log data:  16.48%
Saved log data:  16.49%
Saved log data:  16.50%
Saved log data:  16.52%
Saved log data:  16.53%
Saved log data:  16.54%
Saved log data:  16.55%
Saved log data:  16.56%
Saved log data:  16.58%
Saved log data:  16.59%
Saved log data:  16.60%
Saved log data:  16.61%
Saved log data:  16.63%
Saved log data:  16.64%
Saved log data:  16.65%
Saved log data:  16.66%
Saved log data:  16.67%
Saved log data:  16.69%
Saved log data:  16.70%
Saved log data:  16.71%
Saved log data:  16.72%
Saved log data:  16.74%
Saved log data:  16.75%
Saved log data:  16.76%
Saved log data:  16.77%
Saved log data:  16.78%
Saved log data:  16.80%
Saved log data:  16.81%
Saved log data:  16.82%
Saved log data:  16.83%
Saved log data:  16.85%
Saved log data:  16.86%
Saved log data:  16.87%
Saved log data:  16.88%
Saved log data:  16.89%
Saved log data:  16.91%
Saved log data:  16.92%
Saved log data:  16.93%
Saved log data:  16.94%
Saved log data:  16.96%
Saved log data:  16.97%
Saved log data:  16.98%
Saved log data:  16.99%
Saved log data:  17.00%
Saved log data:  17.02%
Saved log data:  17.03%
Saved log data:  17.04%
Saved log data:  17.05%
Saved log data:  17.07%
Saved log data:  17.08%
Saved log data:  17.09%
Saved log data:  17.10%
Saved log data:  17.11%
Saved log data:  17.13%
Saved log data:  17.14%
Saved log data:  17.15%
Saved log data:  17.16%
Saved log data:  17.18%
Saved log data:  17.19%
Saved log data:  17.20%
Saved log data:  17.21%
Saved log data:  17.22%
Saved log data:  17.24%
Saved log data:  17.25%
Saved log data:  17.26%
Saved log data:  17.27%
Saved log data:  17.29%
Saved log data:  17.30%
Saved log data:  17.31%
Saved log data:  17.32%
Saved log data:  17.33%
Saved log data:  17.35%
Saved log data:  17.36%
Saved log data:  17.37%
Saved log data:  17.38%
Saved log data:  17.40%
Saved log data:  17.41%
Saved log data:  17.42%
Saved log data:  17.43%
Saved log data:  17.44%
Saved log data:  17.46%
Saved log data:  17.47%
Saved log data:  17.48%
Saved log data:  17.49%
Saved log data:  17.50%
Saved log data:  17.52%
Saved log data:  17.53%
Saved log data:  17.54%
Saved log data:  17.55%
Saved log data:  17.57%
Saved log data:  17.58%
Saved log data:  17.59%
Saved log data:  17.60%
Saved log data:  17.61%
Saved log data:  17.63%
Saved log data:  17.64%
Saved log data:  17.65%
Saved log data:  17.66%
Saved log data:  17.68%
Saved log data:  17.69%
Saved log data:  17.70%
Saved log data:  17.71%
Saved log data:  17.72%
Saved log data:  17.74%
Saved log data:  17.75%
Saved log data:  17.76%
Saved log data:  17.77%
Saved log data:  17.79%
Saved log data:  17.80%
Saved log data:  17.81%
Saved log data:  17.82%
Saved log data:  17.83%
Saved log data:  17.85%
Saved log data:  17.86%
Saved log data:  17.87%
Saved log data:  17.88%
Saved log data:  17.90%
Saved log data:  17.91%
Saved log data:  17.92%
Saved log data:  17.93%
Saved log data:  17.94%
Saved log data:  17.96%
Saved log data:  17.97%
Saved log data:  17.98%
Saved log data:  17.99%
Saved log data:  18.01%
Saved log data:  18.02%
Saved log data:  18.03%
Saved log data:  18.04%
Saved log data:  18.05%
Saved log data:  18.07%
Saved log data:  18.08%
Saved log data:  18.09%
Saved log data:  18.10%
Saved log data:  18.12%
Saved log data:  18.13%
Saved log data:  18.14%
Saved log data:  18.15%
Saved log data:  18.16%
Saved log data:  18.18%
Saved log data:  18.19%
Saved log data:  18.20%
Saved log data:  18.21%
Saved log data:  18.23%
Saved log data:  18.24%
Saved log data:  18.25%
Saved log data:  18.26%
Saved log data:  18.27%
Saved log data:  18.29%
Saved log data:  18.30%
Saved log data:  18.31%
Saved log data:  18.32%
Saved log data:  18.33%
Saved log data:  18.35%
Saved log data:  18.36%
Saved log data:  18.37%
Saved log data:  18.38%
Saved log data:  18.40%
Saved log data:  18.41%
Saved log data:  18.42%
Saved log data:  18.43%
Saved log data:  18.44%
Saved log data:  18.46%
Saved log data:  18.47%
Saved log data:  18.48%
Saved log data:  18.49%
Saved log data:  18.51%
Saved log data:  18.52%
Saved log data:  18.53%
Saved log data:  18.54%
Saved log data:  18.55%
Saved log data:  18.57%
Saved log data:  18.58%
Saved log data:  18.59%
Saved log data:  18.60%
Saved log data:  18.62%
Saved log data:  18.63%
Saved log data:  18.64%
Saved log data:  18.65%
Saved log data:  18.66%
Saved log data:  18.68%
Saved log data:  18.69%
Saved log data:  18.70%
Saved log data:  18.71%
Saved log data:  18.73%
Saved log data:  18.74%
Saved log data:  18.75%
Saved log data:  18.76%
Saved log data:  18.77%
Saved log data:  18.79%
Saved log data:  18.80%
Saved log data:  18.81%
Saved log data:  18.82%
Saved log data:  18.84%
Saved log data:  18.85%
Saved log data:  18.86%
Saved log data:  18.87%
Saved log data:  18.88%
Saved log data:  18.90%
Saved log data:  18.91%
Saved log data:  18.92%
Saved log data:  18.93%
Saved log data:  18.95%
Saved log data:  18.96%
Saved log data:  18.97%
Saved log data:  18.98%
Saved log data:  18.99%
Saved log data:  19.01%
Saved log data:  19.02%
Saved log data:  19.03%
Saved log data:  19.04%
Saved log data:  19.06%
Saved log data:  19.07%
Saved log data:  19.08%
Saved log data:  19.09%
Saved log data:  19.10%
Saved log data:  19.12%
Saved log data:  19.13%
Saved log data:  19.14%
Saved log data:  19.15%
Saved log data:  19.17%
Saved log data:  19.18%
Saved log data:  19.19%
Saved log data:  19.20%
Saved log data:  19.21%
Saved log data:  19.23%
Saved log data:  19.24%
Saved log data:  19.25%
Saved log data:  19.26%
Saved log data:  19.27%
Saved log data:  19.29%
Saved log data:  19.30%
Saved log data:  19.31%
Saved log data:  19.32%
Saved log data:  19.34%
Saved log data:  19.35%
Saved log data:  19.36%
Saved log data:  19.37%
Saved log data:  19.38%
Saved log data:  19.40%
Saved log data:  19.41%
Saved log data:  19.42%
Saved log data:  19.43%
Saved log data:  19.45%
Saved log data:  19.46%
Saved log data:  19.47%
Saved log data:  19.48%
Saved log data:  19.49%
Saved log data:  19.51%
Saved log data:  19.52%
Saved log data:  19.53%
Saved log data:  19.54%
Saved log data:  19.56%
Saved log data:  19.57%
Saved log data:  19.58%
Saved log data:  19.59%
Saved log data:  19.60%
Saved log data:  19.62%
Saved log data:  19.63%
Saved log data:  19.64%
Saved log data:  19.65%
Saved log data:  19.67%
Saved log data:  19.68%
Saved log data:  19.69%
Saved log data:  19.70%
Saved log data:  19.71%
Saved log data:  19.73%
Saved log data:  19.74%
Saved log data:  19.75%
Saved log data:  19.76%
Saved log data:  19.78%
Saved log data:  19.79%
Saved log data:  19.80%
Saved log data:  19.81%
Saved log data:  19.82%
Saved log data:  19.84%
Saved log data:  19.85%
Saved log data:  19.86%
Saved log data:  19.87%
Saved log data:  19.89%
Saved log data:  19.90%
Saved log data:  19.91%
Saved log data:  19.92%
Saved log data:  19.93%
Saved log data:  19.95%
Saved log data:  19.96%
Saved log data:  19.97%
Saved log data:  19.98%
Saved log data:  20.00%
Saved log data:  20.01%
Saved log data:  20.02%
Saved log data:  20.03%
Saved log data:  20.04%
Saved log data:  20.06%
Saved log data:  20.07%
Saved log data:  20.08%
Saved log data:  20.09%
Saved log data:  20.10%
Saved log data:  20.12%
Saved log data:  20.13%
Saved log data:  20.14%
Saved log data:  20.15%
Saved log data:  20.17%
Saved log data:  20.18%
Saved log data:  20.19%
Saved log data:  20.20%
Saved log data:  20.21%
Saved log data:  20.23%
Saved log data:  20.24%
Saved log data:  20.25%
Saved log data:  20.26%
Saved log data:  20.28%
Saved log data:  20.29%
Saved log data:  20.30%
Saved log data:  20.31%
Saved log data:  20.32%
Saved log data:  20.34%
Saved log data:  20.35%
Saved log data:  20.36%
Saved log data:  20.37%
Saved log data:  20.39%
Saved log data:  20.40%
Saved log data:  20.41%
Saved log data:  20.42%
Saved log data:  20.43%
Saved log data:  20.45%
Saved log data:  20.46%
Saved log data:  20.47%
Saved log data:  20.48%
Saved log data:  20.50%
Saved log data:  20.51%
Saved log data:  20.52%
Saved log data:  20.53%
Saved log data:  20.54%
Saved log data:  20.56%
Saved log data:  20.57%
Saved log data:  20.58%
Saved log data:  20.59%
Saved log data:  20.61%
Saved log data:  20.62%
Saved log data:  20.63%
Saved log data:  20.64%
Saved log data:  20.65%
Saved log data:  20.67%
Saved log data:  20.68%
Saved log data:  20.69%
Saved log data:  20.70%
Saved log data:  20.72%
Saved log data:  20.73%
Saved log data:  20.74%
Saved log data:  20.75%
Saved log data:  20.76%
Saved log data:  20.78%
Saved log data:  20.79%
Saved log data:  20.80%
Saved log data:  20.81%
Saved log data:  20.83%
Saved log data:  20.84%
Saved log data:  20.85%
Saved log data:  20.86%
Saved log data:  20.87%
Saved log data:  20.89%
Saved log data:  20.90%
Saved log data:  20.91%
Saved log data:  20.92%
Saved log data:  20.94%
Saved log data:  20.95%
Saved log data:  20.96%
Saved log data:  20.97%
Saved log data:  20.98%
Saved log data:  21.00%
Saved log data:  21.01%
Saved log data:  21.02%
Saved log data:  21.03%
Saved log data:  21.04%
Saved log data:  21.06%
Saved log data:  21.07%
Saved log data:  21.08%
Saved log data:  21.09%
Saved log data:  21.11%
Saved log data:  21.12%
Saved log data:  21.13%
Saved log data:  21.14%
Saved log data:  21.15%
Saved log data:  21.17%
Saved log data:  21.18%
Saved log data:  21.19%
Saved log data:  21.20%
Saved log data:  21.22%
Saved log data:  21.23%
Saved log data:  21.24%
Saved log data:  21.25%
Saved log data:  21.26%
Saved log data:  21.28%
Saved log data:  21.29%
Saved log data:  21.30%
Saved log data:  21.31%
Saved log data:  21.33%
Saved log data:  21.34%
Saved log data:  21.35%
Saved log data:  21.36%
Saved log data:  21.37%
Saved log data:  21.39%
Saved log data:  21.40%
Saved log data:  21.41%
Saved log data:  21.42%
Saved log data:  21.44%
Saved log data:  21.45%
Saved log data:  21.46%
Saved log data:  21.47%
Saved log data:  21.48%
Saved log data:  21.50%
Saved log data:  21.51%
Saved log data:  21.52%
Saved log data:  21.53%
Saved log data:  21.55%
Saved log data:  21.56%
Saved log data:  21.57%
Saved log data:  21.58%
Saved log data:  21.59%
Saved log data:  21.61%
Saved log data:  21.62%
Saved log data:  21.63%
Saved log data:  21.64%
Saved log data:  21.66%
Saved log data:  21.67%
Saved log data:  21.68%
Saved log data:  21.69%
Saved log data:  21.70%
Saved log data:  21.72%
Saved log data:  21.73%
Saved log data:  21.74%
Saved log data:  21.75%
Saved log data:  21.77%
Saved log data:  21.78%
Saved log data:  21.79%
Saved log data:  21.80%
Saved log data:  21.81%
Saved log data:  21.83%
Saved log data:  21.84%
Saved log data:  21.85%
Saved log data:  21.86%
Saved log data:  21.88%
Saved log data:  21.89%
Saved log data:  21.90%
Saved log data:  21.91%
Saved log data:  21.92%
Saved log data:  21.94%
Saved log data:  21.95%
Saved log data:  21.96%
Saved log data:  21.97%
Saved log data:  21.98%
Saved log data:  22.00%
Saved log data:  22.01%
Saved log data:  22.02%
Saved log data:  22.03%
Saved log data:  22.05%
Saved log data:  22.06%
Saved log data:  22.07%
Saved log data:  22.08%
Saved log data:  22.09%
Saved log data:  22.11%
Saved log data:  22.12%
Saved log data:  22.13%
Saved log data:  22.14%
Saved log data:  22.16%
Saved log data:  22.17%
Saved log data:  22.18%
Saved log data:  22.19%
Saved log data:  22.20%
Saved log data:  22.22%
Saved log data:  22.23%
Saved log data:  22.24%
Saved log data:  22.25%
Saved log data:  22.27%
Saved log data:  22.28%
Saved log data:  22.29%
Saved log data:  22.30%
Saved log data:  22.31%
Saved log data:  22.33%
Saved log data:  22.34%
Saved log data:  22.35%
Saved log data:  22.36%
Saved log data:  22.38%
Saved log data:  22.39%
Saved log data:  22.40%
Saved log data:  22.41%
Saved log data:  22.42%
Saved log data:  22.44%
Saved log data:  22.45%
Saved log data:  22.46%
Saved log data:  22.47%
Saved log data:  22.49%
Saved log data:  22.50%
Saved log data:  22.51%
Saved log data:  22.52%
Saved log data:  22.53%
Saved log data:  22.55%
Saved log data:  22.56%
Saved log data:  22.57%
Saved log data:  22.58%
Saved log data:  22.60%
Saved log data:  22.61%
Saved log data:  22.62%
Saved log data:  22.63%
Saved log data:  22.64%
Saved log data:  22.66%
Saved log data:  22.67%
Saved log data:  22.68%
Saved log data:  22.69%
Saved log data:  22.71%
Saved log data:  22.72%
Saved log data:  22.73%
Saved log data:  22.74%
Saved log data:  22.75%
Saved log data:  22.77%
Saved log data:  22.78%
Saved log data:  22.79%
Saved log data:  22.80%
Saved log data:  22.81%
Saved log data:  22.83%
Saved log data:  22.84%
Saved log data:  22.85%
Saved log data:  22.86%
Saved log data:  22.88%
Saved log data:  22.89%
Saved log data:  22.90%
Saved log data:  22.91%
Saved log data:  22.92%
Saved log data:  22.94%
Saved log data:  22.95%
Saved log data:  22.96%
Saved log data:  22.97%
Saved log data:  22.99%
Saved log data:  23.00%
Saved log data:  23.01%
Saved log data:  23.02%
Saved log data:  23.03%
Saved log data:  23.05%
Saved log data:  23.06%
Saved log data:  23.07%
Saved log data:  23.08%
Saved log data:  23.10%
Saved log data:  23.11%
Saved log data:  23.12%
Saved log data:  23.13%
Saved log data:  23.14%
Saved log data:  23.16%
Saved log data:  23.17%
Saved log data:  23.18%
Saved log data:  23.19%
Saved log data:  23.21%
Saved log data:  23.22%
Saved log data:  23.23%
Saved log data:  23.24%
Saved log data:  23.25%
Saved log data:  23.27%
Saved log data:  23.28%
Saved log data:  23.29%
Saved log data:  23.30%
Saved log data:  23.32%
Saved log data:  23.33%
Saved log data:  23.34%
Saved log data:  23.35%
Saved log data:  23.36%
Saved log data:  23.38%
Saved log data:  23.39%
Saved log data:  23.40%
Saved log data:  23.41%
Saved log data:  23.43%
Saved log data:  23.44%
Saved log data:  23.45%
Saved log data:  23.46%
Saved log data:  23.47%
Saved log data:  23.49%
Saved log data:  23.50%
Saved log data:  23.51%
Saved log data:  23.52%
Saved log data:  23.54%
Saved log data:  23.55%
Saved log data:  23.56%
Saved log data:  23.57%
Saved log data:  23.58%
Saved log data:  23.60%
Saved log data:  23.61%
Saved log data:  23.62%
Saved log data:  23.63%
Saved log data:  23.65%
Saved log data:  23.66%
Saved log data:  23.67%
Saved log data:  23.68%
Saved log data:  23.69%
Saved log data:  23.71%
Saved log data:  23.72%
Saved log data:  23.73%
Saved log data:  23.74%
Saved log data:  23.75%
Saved log data:  23.77%
Saved log data:  23.78%
Saved log data:  23.79%
Saved log data:  23.80%
Saved log data:  23.82%
Saved log data:  23.83%
Saved log data:  23.84%
Saved log data:  23.85%
Saved log data:  23.86%
Saved log data:  23.88%
Saved log data:  23.89%
Saved log data:  23.90%
Saved log data:  23.91%
Saved log data:  23.93%
Saved log data:  23.94%
Saved log data:  23.95%
Saved log data:  23.96%
Saved log data:  23.97%
Saved log data:  23.99%
Saved log data:  24.00%
Saved log data:  24.01%
Saved log data:  24.02%
Saved log data:  24.04%
Saved log data:  24.05%
Saved log data:  24.06%
Saved log data:  24.07%
Saved log data:  24.08%
Saved log data:  24.10%
Saved log data:  24.11%
Saved log data:  24.12%
Saved log data:  24.13%
Saved log data:  24.15%
Saved log data:  24.16%
Saved log data:  24.17%
Saved log data:  24.18%
Saved log data:  24.19%
Saved log data:  24.21%
Saved log data:  24.22%
Saved log data:  24.23%
Saved log data:  24.24%
Saved log data:  24.26%
Saved log data:  24.27%
Saved log data:  24.28%
Saved log data:  24.29%
Saved log data:  24.30%
Saved log data:  24.32%
Saved log data:  24.33%
Saved log data:  24.34%
Saved log data:  24.35%
Saved log data:  24.37%
Saved log data:  24.38%
Saved log data:  24.39%
Saved log data:  24.40%
Saved log data:  24.41%
Saved log data:  24.43%
Saved log data:  24.44%
Saved log data:  24.45%
Saved log data:  24.46%
Saved log data:  24.48%
Saved log data:  24.49%
Saved log data:  24.50%
Saved log data:  24.51%
Saved log data:  24.52%
Saved log data:  24.54%
Saved log data:  24.55%
Saved log data:  24.56%
Saved log data:  24.57%
Saved log data:  24.58%
Saved log data:  24.60%
Saved log data:  24.61%
Saved log data:  24.62%
Saved log data:  24.63%
Saved log data:  24.65%
Saved log data:  24.66%
Saved log data:  24.67%
Saved log data:  24.68%
Saved log data:  24.69%
Saved log data:  24.71%
Saved log data:  24.72%
Saved log data:  24.73%
Saved log data:  24.74%
Saved log data:  24.76%
Saved log data:  24.77%
Saved log data:  24.78%
Saved log data:  24.79%
Saved log data:  24.80%
Saved log data:  24.82%
Saved log data:  24.83%
Saved log data:  24.84%
Saved log data:  24.85%
Saved log data:  24.87%
Saved log data:  24.88%
Saved log data:  24.89%
Saved log data:  24.90%
Saved log data:  24.91%
Saved log data:  24.93%
Saved log data:  24.94%
Saved log data:  24.95%
Saved log data:  24.96%
Saved log data:  24.98%
Saved log data:  24.99%
Saved log data:  25.00%
Saved log data:  25.01%
Saved log data:  25.02%
Saved log data:  25.04%
Saved log data:  25.05%
Saved log data:  25.06%
Saved log data:  25.07%
Saved log data:  25.09%
Saved log data:  25.10%
Saved log data:  25.11%
Saved log data:  25.12%
Saved log data:  25.13%
Saved log data:  25.15%
Saved log data:  25.16%
Saved log data:  25.17%
Saved log data:  25.18%
Saved log data:  25.20%
Saved log data:  25.21%
Saved log data:  25.22%
Saved log data:  25.23%
Saved log data:  25.24%
Saved log data:  25.26%
Saved log data:  25.27%
Saved log data:  25.28%
Saved log data:  25.29%
Saved log data:  25.31%
Saved log data:  25.32%
Saved log data:  25.33%
Saved log data:  25.34%
Saved log data:  25.35%
Saved log data:  25.37%
Saved log data:  25.38%
Saved log data:  25.39%
Saved log data:  25.40%
Saved log data:  25.42%
Saved log data:  25.43%
Saved log data:  25.44%
Saved log data:  25.45%
Saved log data:  25.46%
Saved log data:  25.48%
Saved log data:  25.49%
Saved log data:  25.50%
Saved log data:  25.51%
Saved log data:  25.52%
Saved log data:  25.54%
Saved log data:  25.55%
Saved log data:  25.56%
Saved log data:  25.57%
Saved log data:  25.59%
Saved log data:  25.60%
Saved log data:  25.61%
Saved log data:  25.62%
Saved log data:  25.63%
Saved log data:  25.65%
Saved log data:  25.66%
Saved log data:  25.67%
Saved log data:  25.68%
Saved log data:  25.70%
Saved log data:  25.71%
Saved log data:  25.72%
Saved log data:  25.73%
Saved log data:  25.74%
Saved log data:  25.76%
Saved log data:  25.77%
Saved log data:  25.78%
Saved log data:  25.79%
Saved log data:  25.81%
Saved log data:  25.82%
Saved log data:  25.83%
Saved log data:  25.84%
Saved log data:  25.85%
Saved log data:  25.87%
Saved log data:  25.88%
Saved log data:  25.89%
Saved log data:  25.90%
Saved log data:  25.92%
Saved log data:  25.93%
Saved log data:  25.94%
Saved log data:  25.95%
Saved log data:  25.96%
Saved log data:  25.98%
Saved log data:  25.99%
Saved log data:  26.00%
Saved log data:  26.01%
Saved log data:  26.03%
Saved log data:  26.04%
Saved log data:  26.05%
Saved log data:  26.06%
Saved log data:  26.07%
Saved log data:  26.09%
Saved log data:  26.10%
Saved log data:  26.11%
Saved log data:  26.12%
Saved log data:  26.14%
Saved log data:  26.15%
Saved log data:  26.16%
Saved log data:  26.17%
Saved log data:  26.18%
Saved log data:  26.20%
Saved log data:  26.21%
Saved log data:  26.22%
Saved log data:  26.23%
Saved log data:  26.25%
Saved log data:  26.26%
Saved log data:  26.27%
Saved log data:  26.28%
Saved log data:  26.29%
Saved log data:  26.31%
Saved log data:  26.32%
Saved log data:  26.33%
Saved log data:  26.34%
Saved log data:  26.35%
Saved log data:  26.37%
Saved log data:  26.38%
Saved log data:  26.39%
Saved log data:  26.40%
Saved log data:  26.42%
Saved log data:  26.43%
Saved log data:  26.44%
Saved log data:  26.45%
Saved log data:  26.46%
Saved log data:  26.48%
Saved log data:  26.49%
Saved log data:  26.50%
Saved log data:  26.51%
Saved log data:  26.53%
Saved log data:  26.54%
Saved log data:  26.55%
Saved log data:  26.56%
Saved log data:  26.57%
Saved log data:  26.59%
Saved log data:  26.60%
Saved log data:  26.61%
Saved log data:  26.62%
Saved log data:  26.64%
Saved log data:  26.65%
Saved log data:  26.66%
Saved log data:  26.67%
Saved log data:  26.68%
Saved log data:  26.70%
Saved log data:  26.71%
Saved log data:  26.72%
Saved log data:  26.73%
Saved log data:  26.75%
Saved log data:  26.76%
Saved log data:  26.77%
Saved log data:  26.78%
Saved log data:  26.79%
Saved log data:  26.81%
Saved log data:  26.82%
Saved log data:  26.83%
Saved log data:  26.84%
Saved log data:  26.86%
Saved log data:  26.87%
Saved log data:  26.88%
Saved log data:  26.89%
Saved log data:  26.90%
Saved log data:  26.92%
Saved log data:  26.93%
Saved log data:  26.94%
Saved log data:  26.95%
Saved log data:  26.97%
Saved log data:  26.98%
Saved log data:  26.99%
Saved log data:  27.00%
Saved log data:  27.01%
Saved log data:  27.03%
Saved log data:  27.04%
Saved log data:  27.05%
Saved log data:  27.06%
Saved log data:  27.08%
Saved log data:  27.09%
Saved log data:  27.10%
Saved log data:  27.11%
Saved log data:  27.12%
Saved log data:  27.14%
Saved log data:  27.15%
Saved log data:  27.16%
Saved log data:  27.17%
Saved log data:  27.19%
Saved log data:  27.20%
Saved log data:  27.21%
Saved log data:  27.22%
Saved log data:  27.23%
Saved log data:  27.25%
Saved log data:  27.26%
Saved log data:  27.27%
Saved log data:  27.28%
Saved log data:  27.29%
Saved log data:  27.31%
Saved log data:  27.32%
Saved log data:  27.33%
Saved log data:  27.34%
Saved log data:  27.36%
Saved log data:  27.37%
Saved log data:  27.38%
Saved log data:  27.39%
Saved log data:  27.40%
Saved log data:  27.42%
Saved log data:  27.43%
Saved log data:  27.44%
Saved log data:  27.45%
Saved log data:  27.47%
Saved log data:  27.48%
Saved log data:  27.49%
Saved log data:  27.50%
Saved log data:  27.51%
Saved log data:  27.53%
Saved log data:  27.54%
Saved log data:  27.55%
Saved log data:  27.56%
Saved log data:  27.58%
Saved log data:  27.59%
Saved log data:  27.60%
Saved log data:  27.61%
Saved log data:  27.62%
Saved log data:  27.64%
Saved log data:  27.65%
Saved log data:  27.66%
Saved log data:  27.67%
Saved log data:  27.69%
Saved log data:  27.70%
Saved log data:  27.71%
Saved log data:  27.72%
Saved log data:  27.73%
Saved log data:  27.75%
Saved log data:  27.76%
Saved log data:  27.77%
Saved log data:  27.78%
Saved log data:  27.80%
Saved log data:  27.81%
Saved log data:  27.82%
Saved log data:  27.83%
Saved log data:  27.84%
Saved log data:  27.86%
Saved log data:  27.87%
Saved log data:  27.88%
Saved log data:  27.89%
Saved log data:  27.91%
Saved log data:  27.92%
Saved log data:  27.93%
Saved log data:  27.94%
Saved log data:  27.95%
Saved log data:  27.97%
Saved log data:  27.98%
Saved log data:  27.99%
Saved log data:  28.00%
Saved log data:  28.02%
Saved log data:  28.03%
Saved log data:  28.04%
Saved log data:  28.05%
Saved log data:  28.06%
Saved log data:  28.08%
Saved log data:  28.09%
Saved log data:  28.10%
Saved log data:  28.11%
Saved log data:  28.12%
Saved log data:  28.14%
Saved log data:  28.15%
Saved log data:  28.16%
Saved log data:  28.17%
Saved log data:  28.19%
Saved log data:  28.20%
Saved log data:  28.21%
Saved log data:  28.22%
Saved log data:  28.23%
Saved log data:  28.25%
Saved log data:  28.26%
Saved log data:  28.27%
Saved log data:  28.28%
Saved log data:  28.30%
Saved log data:  28.31%
Saved log data:  28.32%
Saved log data:  28.33%
Saved log data:  28.34%
Saved log data:  28.36%
Saved log data:  28.37%
Saved log data:  28.38%
Saved log data:  28.39%
Saved log data:  28.41%
Saved log data:  28.42%
Saved log data:  28.43%
Saved log data:  28.44%
Saved log data:  28.45%
Saved log data:  28.47%
Saved log data:  28.48%
Saved log data:  28.49%
Saved log data:  28.50%
Saved log data:  28.52%
Saved log data:  28.53%
Saved log data:  28.54%
Saved log data:  28.55%
Saved log data:  28.56%
Saved log data:  28.58%
Saved log data:  28.59%
Saved log data:  28.60%
Saved log data:  28.61%
Saved log data:  28.63%
Saved log data:  28.64%
Saved log data:  28.65%
Saved log data:  28.66%
Saved log data:  28.67%
Saved log data:  28.69%
Saved log data:  28.70%
Saved log data:  28.71%
Saved log data:  28.72%
Saved log data:  28.74%
Saved log data:  28.75%
Saved log data:  28.76%
Saved log data:  28.77%
Saved log data:  28.78%
Saved log data:  28.80%
Saved log data:  28.81%
Saved log data:  28.82%
Saved log data:  28.83%
Saved log data:  28.85%
Saved log data:  28.86%
Saved log data:  28.87%
Saved log data:  28.88%
Saved log data:  28.89%
Saved log data:  28.91%
Saved log data:  28.92%
Saved log data:  28.93%
Saved log data:  28.94%
Saved log data:  28.96%
Saved log data:  28.97%
Saved log data:  28.98%
Saved log data:  28.99%
Saved log data:  29.00%
Saved log data:  29.02%
Saved log data:  29.03%
Saved log data:  29.04%
Saved log data:  29.05%
Saved log data:  29.06%
Saved log data:  29.08%
Saved log data:  29.09%
Saved log data:  29.10%
Saved log data:  29.11%
Saved log data:  29.13%
Saved log data:  29.14%
Saved log data:  29.15%
Saved log data:  29.16%
Saved log data:  29.17%
Saved log data:  29.19%
Saved log data:  29.20%
Saved log data:  29.21%
Saved log data:  29.22%
Saved log data:  29.24%
Saved log data:  29.25%
Saved log data:  29.26%
Saved log data:  29.27%
Saved log data:  29.28%
Saved log data:  29.30%
Saved log data:  29.31%
Saved log data:  29.32%
Saved log data:  29.33%
Saved log data:  29.35%
Saved log data:  29.36%
Saved log data:  29.37%
Saved log data:  29.38%
Saved log data:  29.39%
Saved log data:  29.41%
Saved log data:  29.42%
Saved log data:  29.43%
Saved log data:  29.44%
Saved log data:  29.46%
Saved log data:  29.47%
Saved log data:  29.48%
Saved log data:  29.49%
Saved log data:  29.50%
Saved log data:  29.52%
Saved log data:  29.53%
Saved log data:  29.54%
Saved log data:  29.55%
Saved log data:  29.57%
Saved log data:  29.58%
Saved log data:  29.59%
Saved log data:  29.60%
Saved log data:  29.61%
Saved log data:  29.63%
Saved log data:  29.64%
Saved log data:  29.65%
Saved log data:  29.66%
Saved log data:  29.68%
Saved log data:  29.69%
Saved log data:  29.70%
Saved log data:  29.71%
Saved log data:  29.72%
Saved log data:  29.74%
Saved log data:  29.75%
Saved log data:  29.76%
Saved log data:  29.77%
Saved log data:  29.79%
Saved log data:  29.80%
Saved log data:  29.81%
Saved log data:  29.82%
Saved log data:  29.83%
Saved log data:  29.85%
Saved log data:  29.86%
Saved log data:  29.87%
Saved log data:  29.88%
Saved log data:  29.90%
Saved log data:  29.91%
Saved log data:  29.92%
Saved log data:  29.93%
Saved log data:  29.94%
Saved log data:  29.96%
Saved log data:  29.97%
Saved log data:  29.98%
Saved log data:  29.99%
Saved log data:  30.00%
Saved log data:  30.02%
Saved log data:  30.03%
Saved log data:  30.04%
Saved log data:  30.05%
Saved log data:  30.07%
Saved log data:  30.08%
Saved log data:  30.09%
Saved log data:  30.10%
Saved log data:  30.11%
Saved log data:  30.13%
Saved log data:  30.14%
Saved log data:  30.15%
Saved log data:  30.16%
Saved log data:  30.18%
Saved log data:  30.19%
Saved log data:  30.20%
Saved log data:  30.21%
Saved log data:  30.22%
Saved log data:  30.24%
Saved log data:  30.25%
Saved log data:  30.26%
Saved log data:  30.27%
Saved log data:  30.29%
Saved log data:  30.30%
Saved log data:  30.31%
Saved log data:  30.32%
Saved log data:  30.33%
Saved log data:  30.35%
Saved log data:  30.36%
Saved log data:  30.37%
Saved log data:  30.38%
Saved log data:  30.40%
Saved log data:  30.41%
Saved log data:  30.42%
Saved log data:  30.43%
Saved log data:  30.44%
Saved log data:  30.46%
Saved log data:  30.47%
Saved log data:  30.48%
Saved log data:  30.49%
Saved log data:  30.51%
Saved log data:  30.52%
Saved log data:  30.53%
Saved log data:  30.54%
Saved log data:  30.55%
Saved log data:  30.57%
Saved log data:  30.58%
Saved log data:  30.59%
Saved log data:  30.60%
Saved log data:  30.62%
Saved log data:  30.63%
Saved log data:  30.64%
Saved log data:  30.65%
Saved log data:  30.66%
Saved log data:  30.68%
Saved log data:  30.69%
Saved log data:  30.70%
Saved log data:  30.71%
Saved log data:  30.73%
Saved log data:  30.74%
Saved log data:  30.75%
Saved log data:  30.76%
Saved log data:  30.77%
Saved log data:  30.79%
Saved log data:  30.80%
Saved log data:  30.81%
Saved log data:  30.82%
Saved log data:  30.83%
Saved log data:  30.85%
Saved log data:  30.86%
Saved log data:  30.87%
Saved log data:  30.88%
Saved log data:  30.90%
Saved log data:  30.91%
Saved log data:  30.92%
Saved log data:  30.93%
Saved log data:  30.94%
Saved log data:  30.96%
Saved log data:  30.97%
Saved log data:  30.98%
Saved log data:  30.99%
Saved log data:  31.01%
Saved log data:  31.02%
Saved log data:  31.03%
Saved log data:  31.04%
Saved log data:  31.05%
Saved log data:  31.07%
Saved log data:  31.08%
Saved log data:  31.09%
Saved log data:  31.10%
Saved log data:  31.12%
Saved log data:  31.13%
Saved log data:  31.14%
Saved log data:  31.15%
Saved log data:  31.16%
Saved log data:  31.18%
Saved log data:  31.19%
Saved log data:  31.20%
Saved log data:  31.21%
Saved log data:  31.23%
Saved log data:  31.24%
Saved log data:  31.25%
Saved log data:  31.26%
Saved log data:  31.27%
Saved log data:  31.29%
Saved log data:  31.30%
Saved log data:  31.31%
Saved log data:  31.32%
Saved log data:  31.34%
Saved log data:  31.35%
Saved log data:  31.36%
Saved log data:  31.37%
Saved log data:  31.38%
Saved log data:  31.40%
Saved log data:  31.41%
Saved log data:  31.42%
Saved log data:  31.43%
Saved log data:  31.45%
Saved log data:  31.46%
Saved log data:  31.47%
Saved log data:  31.48%
Saved log data:  31.49%
Saved log data:  31.51%
Saved log data:  31.52%
Saved log data:  31.53%
Saved log data:  31.54%
Saved log data:  31.56%
Saved log data:  31.57%
Saved log data:  31.58%
Saved log data:  31.59%
Saved log data:  31.60%
Saved log data:  31.62%
Saved log data:  31.63%
Saved log data:  31.64%
Saved log data:  31.65%
Saved log data:  31.67%
Saved log data:  31.68%
Saved log data:  31.69%
Saved log data:  31.70%
Saved log data:  31.71%
Saved log data:  31.73%
Saved log data:  31.74%
Saved log data:  31.75%
Saved log data:  31.76%
Saved log data:  31.77%
Saved log data:  31.79%
Saved log data:  31.80%
Saved log data:  31.81%
Saved log data:  31.82%
Saved log data:  31.84%
Saved log data:  31.85%
Saved log data:  31.86%
Saved log data:  31.87%
Saved log data:  31.88%
Saved log data:  31.90%
Saved log data:  31.91%
Saved log data:  31.92%
Saved log data:  31.93%
Saved log data:  31.95%
Saved log data:  31.96%
Saved log data:  31.97%
Saved log data:  31.98%
Saved log data:  31.99%
Saved log data:  32.01%
Saved log data:  32.02%
WARNING: Sector header at offset 0x00520000 is non-written data
Saved log data:  32.03%
ERROR: Invalid datalog sector header
