-- usb CdcAcmSerialDriver on GPS Receiver, 115200 8N1, DTR asserted
>> $PMTK605*31
-- dropped malformed or bad-checksum line: 0,27,15,18,,,,,,1.44,1.16,0.86*04
<< $GPGSV,3,1,12,23,71,053,35,10,60,320,42,24,44,068,32,32,40,246,27*76
<< $GPGSV,3,2,12,51,37,207,,18,35,165,27,15,20,061,17,27,17,268,25*79
<< $GPGSV,3,3,12,08,11,303,,02,03,324,,13,02,113,,28,01,196,*70
<< $GPRMC,155938.000,A,4153.0220,N,08748.2074,W,0.18,0.00,210107,,,A*72
<< $GPGGA,155939.000,4153.0220,N,08748.2074,W,1,7,1.16,234.8,M,-34.0,M,,*6B
<< $GPGSA,A,3,23,32,24,10,27,15,18,,,,,,1.44,1.16,0.86*04
<< $GPGSV,3,1,12,23,71,053,35,10,60,320,42,24,44,068,32,32,40,246,27*76
<< $GPGSV,3,2,12,51,37,207,,18,35,165,27,15,20,061,17,27,17,268,25*79
<< $GPGSV,3,3,12,08,11,303,,02,03,324,,13,02,113,,28,01,196,*70
<< $GPRMC,155939.000,A,4153.0220,N,08748.2074,W,0.20,0.00,210107,,,A*78
<< $PMTK705,AXN_1.30-B_1.3_C01,0008,BT-Q1000XT,1.0*65
>> $PMTK182,2,2*39
<< $GPGGA,155940.000,4153.0219,N,08748.2074,W,1,7,1.16,234.8,M,-34.0,M,,*6F
<< $GPGSA,A,3,23,32,24,10,27,15,18,,,,,,1.44,1.16,0.86*04
<< $GPGSV,3,1,12,23,71,053,35,10,60,320,42,24,44,068,32,32,40,246,27*76
<< $GPGSV,3,2,12,51,37,207,,18,35,165,27,15,20,061,17,27,17,268,25*79
<< $GPGSV,3,3,12,08,11,303,,02,03,324,,13,02,113,,28,01,196,*70
<< $GPRMC,155940.000,A,4153.0219,N,08748.2074,W,0.19,0.00,210107,,,A*76
<< $PMTK182,3,2,000A1C3F*62
>> $PMTK182,2,3*38
<< $PMTK001,182,2,3*25
<< $PMTK182,3,3,50*10
>> $PMTK182,2,7*3C
<< $PMTK001,182,2,3*25
<< $PMTK182,3,7,258*2E
>> $PMTK182,2,9*32
<< $PMTK001,182,2,3*25
<< $PMTK182,3,9,1C70171C*1E
>> $PMTK182,2,8*33
<< $PMTK001,182,2,3*25
<< $PMTK182,3,8,0053A68A*16
>> $PMTK182,7,00000000,00010000*23
-- usb reads=500 bytes=134453 avg=268 sizes: 1x212 511x212 537x20 398x13 400x10 25x7
<< $PMTK001,182,7,3*20
-- block 0x00000000 65536/65536 bytes, 32 chunks, 805 ms (79.5 KB/s)
>> $PMTK182,7,00010000,00010000*22
<< $GPGGA,160015.000,4153.0216,N,08748.2076,W,1,6,1.28,234.7,M,-34.0,M,,*6E
<< $GPGSA,A,3,23,32,24,10,27,18,,,,,,,1.58,1.28,0.93*04
<< $GPGSV,3,1,12,23,71,054,37,10,60,320,40,24,44,067,33,32,40,247,25*7C
<< $GPGSV,3,2,12,18,35,165,17,44,33,219,28,15,20,062,,27,17,267,22*72
<< $GPGSV,3,3,12,08,11,303,,02,03,324,,13,02,113,,28,01,196,*70
<< $GPRMC,160015.000,A,4153.0216,N,08748.2076,W,0.06,0.00,210107,,,A*7A
-- usb reads=1000 bytes=266232 avg=266 sizes: 1x444 511x444 537x42 25x14 398x14 400x10
<< $PMTK001,182,7,3*20
-- block 0x00010000 65536/65536 bytes, 32 chunks, 1059 ms (60.4 KB/s)
>> $PMTK182,7,00020000,00010000*21
<< $GPGGA,160016.000,4153.0216,N,08748.2076,W,1,6,1.28,234.7,M,-34.0,M,,*6D
<< $GPGSA,A,3,23,32,24,10,27,18,,,,,,,1.58,1.28,0.93*04
<< $GPGSV,3,1,12,23,71,054,36,10,60,320,40,24,44,067,33,32,40,247,25*7D
<< $GPGSV,3,2,12,18,35,165,17,44,33,219,28,15,20,062,,27,17,267,22*72
<< $GPGSV,3,3,12,08,11,303,,02,03,324,,13,02,113,,28,01,196,*70
<< $GPRMC,160016.000,A,4153.0216,N,08748.2076,W,0.17,0.00,210107,,,A*79
-- usb reads=1500 bytes=399572 avg=266 sizes: 1x675 511x675 537x68 25x17 398x15 400x10
<< $PMTK001,182,7,3*20
-- block 0x00020000 65536/65536 bytes, 32 chunks, 1081 ms (59.2 KB/s)
>> $PMTK182,7,00030000,00010000*20
<< $GPGGA,160017.000,4153.0215,N,08748.2076,W,1,6,1.28,234.7,M,-34.0,M,,*6F
<< $GPGSA,A,3,23,32,24,10,27,18,,,,,,,1.58,1.28,0.93*04
<< $GPGSV,3,1,12,23,71,054,36,10,60,320,40,24,44,067,33,32,40,247,25*7D
<< $GPGSV,3,2,12,18,35,165,18,44,33,219,28,15,20,062,,27,17,267,22*7D
<< $GPGSV,3,3,12,08,11,303,,02,03,324,,13,02,113,,28,01,196,*70
<< $GPRMC,160017.000,A,4153.0215,N,08748.2076,W,0.16,0.00,210107,,,A*7A
-- usb reads=2000 bytes=532375 avg=266 sizes: 1x907 511x907 537x93 25x21 398x16 20x11
<< $PMTK001,182,7,3*20
-- block 0x00030000 65536/65536 bytes, 32 chunks, 1063 ms (60.2 KB/s)
>> $PMTK182,7,00040000,00010000*27
<< $GPGGA,160018.000,4153.0216,N,08748.2075,W,1,6,1.28,234.7,M,-34.0,M,,*60
<< $GPGSA,A,3,23,32,24,10,27,18,,,,,,,1.58,1.28,0.93*04
<< $GPGSV,3,1,12,23,71,054,36,10,60,320,40,24,44,067,33,32,40,247,24*7C
<< $GPGSV,3,2,12,18,35,165,18,44,33,219,28,15,20,062,,27,17,267,22*7D
<< $GPGSV,3,3,12,08,11,303,,02,03,324,,13,02,113,,28,01,196,*70
<< $GPRMC,160018.000,A,4153.0216,N,08748.2075,W,0.16,0.00,210107,,,A*75
-- usb reads=2500 bytes=667737 avg=267 sizes: 1x1139 511x1139 537x120 25x24 398x17 20x12
<< $PMTK001,182,7,3*20
-- block 0x00040000 65536/65536 bytes, 32 chunks, 1048 ms (61.1 KB/s)
>> $PMTK182,7,00050000,00010000*26
<< $GPGGA,160019.000,4153.0216,N,08748.2076,W,1,5,2.67,234.7,M,-34.0,M,,*69
<< $GPGSA,A,3,23,32,24,10,27,,,,,,,,3.71,2.67,2.57*06
<< $GPGSV,3,1,12,23,71,054,36,10,60,320,40,24,44,067,33,32,40,247,24*7C
<< $GPGSV,3,2,12,18,35,165,17,44,33,219,28,15,20,062,,27,17,267,21*71
<< $GPGSV,3,3,12,08,11,303,,02,03,324,,13,02,113,,28,01,196,*70
<< $GPRMC,160019.000,A,4153.0216,N,08748.2076,W,0.08,0.00,210107,,,A*78
-- usb reads=3000 bytes=802099 avg=267 sizes: 1x1371 511x1371 537x147 25x28 398x17 20x13
<< $PMTK001,182,7,3*20
-- block 0x00050000 65536/65536 bytes, 32 chunks, 1054 ms (60.7 KB/s)
>> $PMTK182,7,00060000,00010000*25
<< $GPGGA,160020.000,4153.0216,N,08748.2076,W,1,5,2.67,234.7,M,-34.0,M,,*63
<< $GPGSA,A,3,23,32,24,10,27,,,,,,,,3.71,2.67,2.57*06
<< $GPGSV,3,1,12,23,71,054,36,10,60,320,40,24,44,067,33,32,40,247,24*7C
<< $GPGSV,3,2,12,18,35,165,16,44,33,219,28,15,20,062,,27,17,267,21*70
<< $GPGSV,3,3,12,08,11,303,,02,03,324,,13,02,113,,28,01,196,*70
<< $GPRMC,160020.000,A,4153.0216,N,08748.2076,W,0.25,0.00,210107,,,A*7D
-- usb reads=3500 bytes=935924 avg=267 sizes: 1x1604 511x1604 537x173 25x33 398x17 20x14
<< $PMTK001,182,7,3*20
-- block 0x00060000 65536/65536 bytes, 32 chunks, 1149 ms (55.7 KB/s)
>> $PMTK182,7,00070000,00010000*24
<< $GPGGA,160022.000,4153.0218,N,08748.2076,W,1,5,2.68,234.7,M,-34.0,M,,*60
<< $GPGSA,A,3,23,32,24,10,27,,,,,,,,3.71,2.68,2.56*08
<< $GPGSV,3,1,12,23,71,054,36,10,60,320,40,24,44,067,33,32,40,247,24*7C
<< $GPGSV,3,2,12,18,35,165,16,44,33,219,28,15,20,062,,27,17,267,20*71
<< $GPGSV,3,3,12,08,11,303,,02,03,324,,13,02,113,,28,01,196,*70
<< $GPRMC,160022.000,A,4153.0218,N,08748.2076,W,0.06,0.00,210107,,,A*70
-- usb reads=4000 bytes=1069263 avg=267 sizes: 1x1837 511x1836 537x199 25x39 398x17 20x15
<< $PMTK001,182,7,3*20
-- block 0x00070000 65536/65536 bytes, 32 chunks, 1061 ms (60.3 KB/s)
>> $PMTK182,7,00080000,00010000*2B
<< $GPGGA,160023.000,4153.0218,N,08748.2075,W,1,5,2.59,234.7,M,-34.0,M,,*60
<< $GPGSA,A,3,23,32,24,10,27,,,,,,,,2.75,2.59,0.93*04
<< $GPGSV,3,1,12,23,71,054,36,10,60,320,40,24,44,067,33,32,40,247,24*7C
<< $GPGSV,3,2,12,18,35,165,16,44,33,219,28,15,20,062,,27,17,267,20*71
<< $GPGSV,3,3,12,08,11,303,,02,03,324,,13,02,113,,28,01,196,*70
<< $GPRMC,160023.000,A,4153.0218,N,08748.2075,W,0.21,0.00,210107,,,A*77
-- usb reads=4500 bytes=1203088 avg=267 sizes: 1x2068 511x2067 537x226 25x39 20x19 398x17
<< $PMTK001,182,7,3*20
-- block 0x00080000 65536/65536 bytes, 32 chunks, 1055 ms (60.7 KB/s)
>> $PMTK182,7,00090000,00010000*2A
<< $GPGGA,160024.000,4153.0217,N,08748.2076,W,1,6,1.28,234.7,M,-34.0,M,,*6D
<< $GPGSA,A,3,23,32,24,10,27,18,,,,,,,1.58,1.28,0.93*04
<< $GPGSV,3,1,12,23,71,054,36,10,60,320,40,24,44,067,33,32,40,247,24*7C
<< $GPGSV,3,2,12,18,35,165,16,44,33,219,28,15,20,062,,27,17,267,20*71
<< $GPGSV,3,3,12,08,11,303,,02,03,324,,13,02,113,,28,01,196,*70
<< $GPRMC,160024.000,A,4153.0217,N,08748.2076,W,0.35,0.00,210107,,,A*79
-- usb reads=5000 bytes=1335890 avg=267 sizes: 1x2299 511x2299 537x250 25x43 20x22 398x18
<< $PMTK001,182,7,3*20
-- block 0x00090000 65536/65536 bytes, 32 chunks, 1054 ms (60.7 KB/s)
>> $PMTK182,7,000A0000,00010000*52
<< $GPGGA,160025.000,4153.0216,N,08748.2076,W,1,6,1.28,234.7,M,-34.0,M,,*6D
<< $GPGSA,A,3,23,32,24,10,27,18,,,,,,,1.58,1.28,0.93*04
<< $GPGSV,3,1,12,23,71,054,36,10,60,320,40,24,44,067,33,32,40,247,24*7C
<< $GPGSV,3,2,12,18,35,165,17,44,33,219,28,15,20,062,,27,17,267,20*70
<< $GPGSV,3,3,12,08,11,303,,02,03,324,,13,02,113,,28,01,196,*70
<< $GPRMC,160025.000,A,4153.0216,N,08748.2076,W,0.29,0.00,210107,,,A*74
-- usb reads=5500 bytes=1468693 avg=267 sizes: 1x2532 511x2531 537x273 25x51 20x23 398x19
<< $PMTK001,182,7,3*20
-- block 0x000A0000 65536/65536 bytes, 32 chunks, 1069 ms (59.9 KB/s)
>> $PMTK182,7,000B0000,00010000*51
<< $GPGGA,160026.000,4153.0216,N,08748.2077,W,1,6,1.28,234.7,M,-34.0,M,,*6F
<< $GPGSA,A,3,23,32,24,10,27,18,,,,,,,1.58,1.28,0.93*04
<< $GPGSV,3,1,12,23,71,054,36,10,60,320,40,24,44,067,32,32,40,247,23*7A
<< $GPGSV,3,2,12,18,35,165,17,44,33,219,28,15,20,062,,27,17,267,20*70
<< $GPGSV,3,3,12,08,11,303,,02,03,324,,13,02,113,,28,01,196,*70
<< $GPRMC,160026.000,A,4153.0216,N,08748.2077,W,0.09,0.00,210107,,,A*74
-- usb reads=6000 bytes=1601497 avg=266 sizes: 1x2765 511x2763 537x297 25x57 20x24 398x20
-- block 0x000B0000 65536/65536 bytes, 32 chunks, 1064 ms (60.2 KB/s)
>> $PMTK182,7,000C0000,00010000*50
<< $GPGGA,160027.000,4153.0216,N,08748.2076,W,1,6,1.28,234.7,M,-34.0,M,,*6F
<< $GPGSA,A,3,23,32,24,10,27,18,,,,,,,1.58,1.28,0.93*04
<< $GPGSV,3,1,12,23,71,054,36,10,60,320,40,24,44,067,32,32,40,247,23*7A
<< $GPGSV,3,2,12,18,35,165,17,44,33,219,28,15,20,062,,27,17,267,20*70
<< $GPGSV,3,3,12,08,11,303,,02,03,324,,13,02,113,,28,01,196,*70
<< $GPRMC,160027.000,A,4153.0216,N,08748.2076,W,0.06,0.00,210107,,,A*7B
<< $PMTK001,182,7,3*20
-- block 0x000C0000 65536/65536 bytes, 32 chunks, 1293 ms (49.5 KB/s)
>> $PMTK182,7,000D0000,00010000*57
<< $GPGGA,160028.000,4153.0216,N,08748.2077,W,1,7,1.16,234.7,M,-34.0,M,,*6D
<< $GPGSA,A,3,23,32,24,10,27,15,18,,,,,,1.44,1.16,0.86*04
<< $GPGSV,3,1,12,23,71,054,36,10,60,320,40,24,44,067,32,32,40,247,23*7A
<< $GPGSV,3,2,12,18,35,165,18,44,33,219,28,15,20,062,17,27,17,267,21*78
<< $GPGSV,3,3,12,08,11,303,,02,03,324,,13,02,113,,28,01,196,*70
<< $GPRMC,160028.000,A,4153.0216,N,08748.2077,W,0.21,0.00,210107,,,A*70
-- usb reads=6500 bytes=1736283 avg=267 sizes: 1x2995 511x2994 537x324 25x59 20x27 398x21
<< $PMTK001,182,7,3*20
-- block 0x000D0000 65536/65536 bytes, 32 chunks, 1088 ms (58.8 KB/s)
>> $PMTK182,7,000E0000,00010000*56
<< $GPGGA,160029.000,4153.0215,N,08748.2077,W,1,7,1.16,234.7,M,-34.0,M,,*6F
<< $GPGSA,A,3,23,32,24,10,27,15,18,,,,,,1.44,1.16,0.86*04
<< $GPGSV,3,1,12,23,71,054,36,10,60,320,40,24,44,067,32,32,40,247,23*7A
<< $GPGSV,3,2,12,18,35,165,18,44,33,219,28,15,20,062,17,27,17,267,21*78
<< $GPGSV,3,3,12,08,11,303,,02,03,324,,13,02,113,,28,01,196,*70
<< $GPRMC,160029.000,A,4153.0215,N,08748.2077,W,0.07,0.00,210107,,,A*76
-- usb reads=7000 bytes=1871139 avg=267 sizes: 1x3228 511x3226 537x353 25x60 20x29 5x21
<< $PMTK001,182,7,3*20
-- block 0x000E0000 65536/65536 bytes, 32 chunks, 1087 ms (58.9 KB/s)
>> $PMTK182,7,000F0000,00010000*55
<< $GPGGA,160030.000,4153.0215,N,08748.2077,W,1,7,1.16,234.7,M,-34.0,M,,*67
<< $GPGSA,A,3,23,32,24,10,27,15,18,,,,,,1.44,1.16,0.86*04
<< $GPGSV,3,1,12,23,71,054,36,10,60,320,40,24,44,067,32,32,40,247,23*7A
<< $GPGSV,3,2,12,18,35,165,18,44,33,219,28,15,20,062,17,27,17,267,20*79
<< $GPGSV,3,3,12,08,11,303,,02,03,324,,13,02,113,,28,01,196,*70
<< $GPRMC,160030.000,A,4153.0215,N,08748.2077,W,0.05,0.00,210107,,,A*7C
-- usb reads=7500 bytes=2006530 avg=267 sizes: 1x3458 511x3457 537x379 25x61 20x31 5x25
<< $PMTK001,182,7,3*20
-- block 0x000F0000 65536/65536 bytes, 32 chunks, 1075 ms (59.5 KB/s)
>> $PMTK182,7,00100000,00010000*22
<< $GPGGA,160032.000,4153.0215,N,08748.2077,W,1,7,1.16,234.7,M,-34.0,M,,*65
<< $GPGSA,A,3,23,32,24,10,27,15,18,,,,,,1.44,1.16,0.86*04
<< $GPGSV,3,1,12,23,71,054,36,10,60,320,40,24,44,067,32,32,40,247,22*7B
<< $GPGSV,3,2,12,18,34,165,18,44,33,219,28,15,20,062,17,27,17,267,20*78
<< $GPGSV,3,3,12,08,11,303,,02,03,324,,13,02,113,,28,01,196,*70
<< $GPRMC,160032.000,A,4153.0215,N,08748.2077,W,0.20,0.00,210107,,,A*79
-- usb reads=8000 bytes=2141410 avg=267 sizes: 1x3690 511x3689 537x408 25x63 20x33 5x26
<< $PMTK001,182,7,3*20
-- block 0x00100000 65536/65536 bytes, 32 chunks, 1099 ms (58.2 KB/s)
>> $PMTK182,7,00110000,00010000*23
<< $GPGGA,160033.000,4153.0216,N,08748.2077,W,1,7,1.16,234.7,M,-34.0,M,,*67
<< $GPGSA,A,3,23,32,24,10,27,15,18,,,,,,1.44,1.16,0.86*04
<< $GPGSV,3,1,12,23,71,054,36,10,60,320,40,24,44,067,32,32,40,247,22*7B
<< $GPGSV,3,2,12,18,34,165,18,44,33,219,28,15,20,062,17,27,17,267,20*78
<< $GPGSV,3,3,12,08,11,303,,02,03,324,,13,02,113,,28,01,196,*70
<< $GPRMC,160033.000,A,4153.0216,N,08748.2077,W,0.18,0.00,210107,,,A*70
-- usb reads=8500 bytes=2276266 avg=267 sizes: 1x3923 511x3921 537x437 25x64 20x35 5x27
<< $PMTK001,182,7,3*20
-- block 0x00110000 65536/65536 bytes, 32 chunks, 1213 ms (52.8 KB/s)
>> $PMTK182,7,00120000,00010000*20
<< $GPGGA,160034.000,4153.0216,N,08748.2076,W,1,7,1.16,234.7,M,-34.0,M,,*61
<< $GPGSA,A,3,23,32,24,10,27,15,18,,,,,,1.44,1.16,0.86*04
<< $GPGSV,3,1,12,23,71,054,36,10,60,320,40,24,44,067,32,32,40,247,21*78
<< $GPGSV,3,2,12,18,34,165,19,44,33,219,28,15,20,062,17,27,17,267,21*78
<< $GPGSV,3,3,12,08,11,303,,02,03,324,,13,02,113,,28,01,196,*70
<< $GPRMC,160034.000,A,4153.0216,N,08748.2076,W,0.28,0.00,210107,,,A*75
-- usb reads=9000 bytes=2411658 avg=267 sizes: 1x4155 511x4153 537x465 25x67 20x36 5x28
<< $PMTK001,182,7,3*20
-- block 0x00120000 65536/65536 bytes, 32 chunks, 1072 ms (59.7 KB/s)
>> $PMTK182,7,00130000,00010000*21
<< $GPGGA,160035.000,4153.0217,N,08748.2076,W,1,7,1.16,234.7,M,-34.0,M,,*61
<< $GPGSA,A,3,23,32,24,10,27,15,18,,,,,,1.44,1.16,0.86*04
<< $GPGSV,3,1,12,23,71,054,36,10,60,320,40,24,44,067,31,32,40,247,20*7A
<< $GPGSV,3,2,12,18,34,165,19,44,33,219,28,15,20,062,17,27,17,267,20*79
<< $GPGSV,3,3,12,08,11,303,,02,03,324,,13,02,113,,28,01,196,*70
<< $GPRMC,160035.000,A,4153.0217,N,08748.2076,W,0.28,0.00,210107,,,A*75
-- usb reads=9500 bytes=2544976 avg=267 sizes: 1x4387 511x4386 537x490 25x72 20x38 5x29
<< $PMTK001,182,7,3*20
-- block 0x00130000 65536/65536 bytes, 32 chunks, 1082 ms (59.1 KB/s)
>> $PMTK182,7,00140000,00010000*26
<< $GPGGA,160036.000,4153.0218,N,08748.2076,W,1,7,1.17,234.7,M,-34.0,M,,*6C
<< $GPGSA,A,3,23,32,24,10,27,15,18,,,,,,2.03,1.17,1.66*0A
<< $GPGSV,3,1,12,23,71,054,36,10,60,320,40,24,44,067,31,32,40,247,19*70
<< $GPGSV,3,2,12,18,34,165,19,44,33,219,28,15,20,062,17,27,17,267,20*79
<< $GPGSV,3,3,12,08,11,303,,02,03,324,,13,02,113,,28,01,196,*70
<< $GPRMC,160036.000,A,4153.0218,N,08748.2076,W,0.24,0.00,210107,,,A*75
-- usb reads=10000 bytes=2676759 avg=267 sizes: 1x4619 511x4618 537x513 25x78 20x41 5x31
<< $PMTK001,182,7,3*20
-- block 0x00140000 65536/65536 bytes, 32 chunks, 1064 ms (60.2 KB/s)
>> $PMTK182,7,00150000,00010000*27
<< $GPGGA,160037.000,4153.0218,N,08748.2075,W,1,6,1.28,234.7,M,-34.0,M,,*63
<< $GPGSA,A,3,23,32,24,10,27,18,,,,,,,1.58,1.28,0.93*04
<< $GPGSV,3,1,12,23,71,055,36,10,60,320,40,24,44,067,31,32,40,247,19*71
<< $GPGSV,3,2,12,18,34,165,19,44,33,219,28,15,20,062,17,27,17,267,20*79
<< $GPGSV,3,3,12,08,11,303,,02,03,324,,13,02,113,,28,01,196,*70
<< $GPRMC,160037.000,A,4153.0218,N,08748.2075,W,0.32,0.00,210107,,,A*70
-- usb reads=10500 bytes=2811125 avg=267 sizes: 1x4851 511x4850 537x540 25x82 20x42 5x32
<< $PMTK001,182,7,3*20
-- block 0x00150000 65536/65536 bytes, 32 chunks, 1079 ms (59.3 KB/s)
>> $PMTK182,7,00160000,00010000*24
<< $GPGGA,160038.000,4153.0219,N,08748.2075,W,1,7,1.16,234.7,M,-34.0,M,,*61
<< $GPGSA,A,3,23,32,24,10,27,15,18,,,,,,1.44,1.16,0.86*04
<< $GPGSV,3,1,12,23,71,055,36,10,60,320,40,24,44,067,31,32,40,247,19*71
<< $GPGSV,3,2,12,18,34,165,20,44,33,219,28,15,20,062,17,27,17,267,20*73
<< $GPGSV,3,3,12,08,11,303,,02,03,324,,13,02,113,,28,01,196,*70
<< $GPRMC,160038.000,A,4153.0219,N,08748.2075,W,0.45,0.00,210107,,,A*7E
-- usb reads=11000 bytes=2945981 avg=267 sizes: 1x5084 511x5082 537x569 25x83 20x44 5x33
<< $PMTK001,182,7,3*20
-- block 0x00160000 65536/65536 bytes, 32 chunks, 1160 ms (55.2 KB/s)
>> $PMTK182,7,00170000,00010000*25
<< $GPGGA,160040.000,4153.0222,N,08748.2074,W,1,7,1.16,234.7,M,-34.0,M,,*67
<< $GPGSA,A,3,23,32,24,10,27,15,18,,,,,,1.44,1.16,0.86*04
<< $GPGSV,3,1,12,23,71,055,36,10,60,320,39,24,44,067,31,32,40,247,19*7F
<< $GPGSV,3,2,12,18,34,165,21,44,33,219,28,15,20,062,17,27,17,267,20*72
<< $GPGSV,3,3,12,08,11,303,,02,03,324,,13,02,113,,28,01,196,*70
<< $GPRMC,160040.000,A,4153.0222,N,08748.2074,W,1.07,18.79,210107,,,A*48
-- usb reads=11500 bytes=3081374 avg=267 sizes: 1x5316 511x5314 537x598 25x85 20x45 5x34
<< $PMTK001,182,7,3*20
-- block 0x00170000 65536/65536 bytes, 32 chunks, 1091 ms (58.7 KB/s)
>> $PMTK182,7,00180000,00010000*2A
<< $GPGGA,160041.000,4153.0223,N,08748.2074,W,1,7,1.16,234.6,M,-34.0,M,,*66
<< $GPGSA,A,3,23,32,24,10,27,15,18,,,,,,1.44,1.16,0.86*04
<< $GPGSV,3,1,12,23,71,055,36,10,60,320,39,24,44,067,31,32,40,247,19*7F
<< $GPGSV,3,2,12,18,34,165,21,44,33,219,28,15,20,062,18,27,17,267,20*7D
<< $GPGSV,3,3,12,08,11,303,,02,03,324,,13,02,113,,28,01,196,*70
<< $GPRMC,160041.000,A,4153.0223,N,08748.2074,W,0.14,18.79,210107,,,A*4B
-- usb reads=12000 bytes=3217790 avg=268 sizes: 1x5548 511x5546 537x628 25x87 20x46 5x34
<< $PMTK001,182,7,3*20
-- block 0x00180000 65536/65536 bytes, 32 chunks, 1083 ms (59.1 KB/s)
>> $PMTK182,7,00190000,00010000*2B
<< $GPGGA,160042.000,4153.0220,N,08748.2074,W,1,7,1.16,234.3,M,-34.0,M,,*63
<< $GPGSA,A,3,23,32,24,10,27,15,18,,,,,,1.44,1.16,0.86*04
<< $GPGSV,3,1,12,23,71,055,36,10,60,320,39,24,44,067,31,32,40,247,19*7F
<< $GPGSV,3,2,12,18,34,165,22,44,33,219,29,15,20,062,18,27,16,267,19*74
<< $GPGSV,3,3,12,08,11,303,,02,03,324,,13,02,113,,28,01,196,*70
<< $GPRMC,160042.000,A,4153.0220,N,08748.2074,W,0.38,18.79,210107,,,A*45
-- usb reads=12500 bytes=3353183 avg=268 sizes: 1x5780 511x5778 537x657 25x89 20x47 5x35
<< $PMTK001,182,7,3*20
-- block 0x00190000 65536/65536 bytes, 32 chunks, 1094 ms (58.5 KB/s)
>> $PMTK182,7,001A0000,00010000*53
<< $GPGGA,160043.000,4153.0221,N,08748.2073,W,2,7,1.16,233.8,M,-34.0,M,0000,0000*6B
<< $GPGSA,A,3,23,32,24,10,27,15,18,,,,,,1.44,1.16,0.86*04
<< $GPGSV,3,1,12,23,71,055,36,10,60,320,39,24,44,067,31,32,40,247,19*7F
<< $GPGSV,3,2,12,18,34,165,22,44,33,219,29,15,20,062,19,27,16,267,18*74
<< $GPGSV,3,3,12,08,11,303,,02,03,324,,13,02,113,,28,01,196,*70
<< $GPRMC,160043.000,A,4153.0221,N,08748.2073,W,0.34,18.79,210107,,,D*4B
-- usb reads=13000 bytes=3487024 avg=268 sizes: 1x6013 511x6010 537x683 25x93 20x48 5x36
<< $PMTK001,182,7,3*20
-- block 0x001A0000 65536/65536 bytes, 32 chunks, 1086 ms (58.9 KB/s)
>> $PMTK182,7,001B0000,00010000*50
<< $GPGGA,160044.000,4153.0224,N,08748.2073,W,2,7,1.16,233.5,M,-34.0,M,0000,0000*64
<< $GPGSA,A,3,23,32,24,10,27,15,18,,,,,,1.44,1.16,0.86*04
<< $GPGSV,3,1,12,23,71,055,36,10,60,320,39,24,44,067,31,32,40,247,19*7F
<< $GPGSV,3,2,12,18,34,165,22,44,33,219,29,15,20,062,20,27,16,267,18*7E
<< $GPGSV,3,3,12,08,11,303,,02,03,324,,13,02,113,,28,01,196,*70
<< $GPRMC,160044.000,A,4153.0224,N,08748.2073,W,0.35,18.79,210107,,,D*48
-- usb reads=13500 bytes=3621912 avg=268 sizes: 1x6245 511x6243 537x711 25x97 20x49 5x36
<< $PMTK001,182,7,3*20
-- block 0x001B0000 65536/65536 bytes, 32 chunks, 1078 ms (59.4 KB/s)
>> $PMTK182,7,001C0000,00010000*51
<< $GPGGA,160045.000,4153.0221,N,08748.2075,W,2,7,1.16,233.1,M,-34.0,M,0000,0000*62
<< $GPGSA,A,3,23,32,24,10,27,15,18,,,,,,1.44,1.16,0.86*04
<< $GPGSV,3,1,12,23,71,055,36,10,60,320,39,24,44,067,30,32,40,247,18*7F
<< $GPGSV,3,2,12,18,34,165,23,44,33,219,29,15,20,062,20,27,16,267,18*7F
<< $GPGSV,3,3,12,08,11,303,,02,03,324,,13,02,113,,28,01,196,*70
<< $GPRMC,160045.000,A,4153.0221,N,08748.2075,W,0.12,18.79,210107,,,D*4F
-- usb reads=14000 bytes=3757313 avg=268 sizes: 1x6477 511x6475 537x740 25x99 20x50 5x37
<< $PMTK001,182,7,3*20
-- block 0x001C0000 65536/65536 bytes, 32 chunks, 1202 ms (53.2 KB/s)
>> $PMTK182,7,001D0000,00010000*56
<< $GPGGA,160046.000,4153.0218,N,08748.2076,W,2,7,1.16,232.5,M,-34.0,M,0000,0000*6D
<< $GPGSA,A,3,23,32,24,10,27,15,18,,,,,,1.44,1.16,0.86*04
<< $GPGSV,3,1,12,23,71,055,36,10,60,320,39,24,44,067,30,32,40,247,17*70
<< $GPGSV,3,2,12,18,34,165,24,44,33,219,29,15,20,062,20,27,16,267,18*78
<< $GPGSV,3,3,12,08,11,303,,02,03,324,,13,02,113,,28,01,196,*70
<< $GPRMC,160046.000,A,4153.0218,N,08748.2076,W,0.11,18.79,210107,,,D*46
-- usb reads=14500 bytes=3893227 avg=268 sizes: 1x6710 511x6707 537x771 25x100 20x51 5x37
<< $PMTK001,182,7,3*20
-- block 0x001D0000 65536/65536 bytes, 32 chunks, 1104 ms (58.0 KB/s)
>> $PMTK182,7,001E0000,00010000*57
<< $GPGGA,160047.000,4153.0221,N,08748.2076,W,2,7,1.16,231.9,M,-34.0,M,0000,0000*69
<< $GPGSA,A,3,23,32,24,10,27,15,18,,,,,,1.44,1.16,0.86*04
<< $GPGSV,3,1,12,23,71,055,36,10,60,320,39,24,44,067,30,32,40,247,17*70
<< $GPGSV,3,2,12,18,34,165,24,44,33,219,29,15,20,062,21,27,16,267,18*79
<< $GPGSV,3,3,12,08,11,303,,02,03,324,,13,02,113,,28,01,196,*70
<< $GPRMC,160047.000,A,4153.0221,N,08748.2076,W,0.09,18.79,210107,,,D*44
-- usb reads=15000 bytes=4028091 avg=268 sizes: 1x6942 511x6939 537x798 25x102 20x52 5x39
<< $PMTK001,182,7,3*20
-- block 0x001E0000 65536/65536 bytes, 32 chunks, 1104 ms (58.0 KB/s)
>> $PMTK182,7,001F0000,00010000*54
<< $GPGGA,160049.000,4153.0223,N,08748.2076,W,2,7,1.16,231.6,M,-34.0,M,0000,0000*6A
<< $GPGSA,A,3,23,32,24,10,27,15,18,,,,,,1.44,1.16,0.86*04
<< $GPGSV,3,1,12,23,71,055,36,10,60,320,39,24,44,067,30,32,40,247,17*70
<< $GPGSV,3,2,12,18,34,165,24,44,33,219,28,15,20,062,21,27,16,267,18*78
<< $GPGSV,3,3,12,08,11,303,,02,03,324,,13,02,113,,28,01,196,*70
<< $GPRMC,160049.000,A,4153.0223,N,08748.2076,W,0.34,18.79,210107,,,D*46
-- usb reads=15500 bytes=4162979 avg=268 sizes: 1x7174 511x7172 537x826 25x106 20x53 5x39
<< $PMTK001,182,7,3*20
-- block 0x001F0000 65536/65536 bytes, 32 chunks, 1095 ms (58.4 KB/s)
>> $PMTK182,7,00200000,00010000*21
<< $GPGGA,160050.000,4153.0227,N,08748.2075,W,2,7,1.16,231.2,M,-34.0,M,0000,0000*61
<< $GPGSA,A,3,23,32,24,10,27,15,18,,,,,,1.44,1.16,0.86*04
<< $GPGSV,3,1,12,23,71,055,36,10,60,320,39,24,44,067,29,32,40,247,17*78
<< $GPGSV,3,2,12,18,34,165,24,44,33,219,28,15,20,062,21,27,16,267,18*78
<< $GPGSV,3,3,12,08,11,303,,02,03,324,,13,02,113,,28,01,196,*70
<< $GPRMC,160050.000,A,4153.0227,N,08748.2075,W,0.38,18.79,210107,,,D*45
-- usb reads=16000 bytes=4296819 avg=268 sizes: 1x7406 511x7404 537x852 25x109 20x55 5x41
<< $PMTK001,182,7,3*20
-- block 0x00200000 65536/65536 bytes, 32 chunks, 1097 ms (58.3 KB/s)
>> $PMTK182,7,00210000,00010000*20
<< $GPGGA,160051.000,4153.0226,N,08748.2075,W,2,7,1.16,230.7,M,-34.0,M,0000,0000*65
<< $GPGSA,A,3,23,32,24,10,27,15,18,,,,,,1.44,1.16,0.86*04
<< $GPGSV,3,1,12,23,71,055,36,10,60,320,39,24,44,067,29,32,40,247,18*77
<< $GPGSV,3,2,12,18,34,165,25,44,33,219,28,15,20,062,21,27,16,267,18*79
<< $GPGSV,3,3,12,08,11,303,,02,03,324,,13,02,113,,28,01,196,*70
<< $GPRMC,160051.000,A,4153.0226,N,08748.2075,W,0.09,18.79,210107,,,D*47
-- usb reads=16500 bytes=4432221 avg=268 sizes: 1x7639 511x7636 537x882 25x111 20x56 5x41
<< $PMTK001,182,7,3*20
-- block 0x00210000 65536/65536 bytes, 32 chunks, 1169 ms (54.7 KB/s)
>> $PMTK182,7,00220000,00010000*23
<< $GPGGA,160052.000,4153.0230,N,08748.2075,W,2,7,1.17,230.1,M,-34.0,M,0000,0000*66
<< $GPGSA,A,3,23,32,24,10,27,15,18,,,,,,2.03,1.17,1.66*0A
<< $GPGSV,3,1,12,23,71,055,36,10,60,320,39,24,44,067,29,32,40,247,19*76
<< $GPGSV,3,2,12,18,34,165,25,44,33,219,28,15,20,062,22,27,16,267,18*7A
<< $GPGSV,3,3,12,08,11,303,,02,03,324,,13,02,113,,28,01,196,*70
<< $GPRMC,160052.000,A,4153.0230,N,08748.2075,W,0.13,18.79,210107,,,D*48
-- usb reads=17000 bytes=4567110 avg=268 sizes: 1x7871 511x7868 537x911 25x113 20x58 5x42
<< $PMTK001,182,7,3*20
-- block 0x00220000 65536/65536 bytes, 32 chunks, 1102 ms (58.1 KB/s)
>> $PMTK182,7,00230000,00010000*22
<< $GPGGA,160053.000,4153.0233,N,08748.2076,W,2,7,1.17,229.7,M,-34.0,M,0000,0000*69
<< $GPGSA,A,3,23,32,24,10,27,15,18,,,,,,2.03,1.17,1.66*0A
<< $GPGSV,3,1,12,23,71,055,36,10,60,320,39,24,44,067,29,32,40,247,20*7C
<< $GPGSV,3,2,12,18,34,165,25,44,33,219,28,15,20,062,22,27,16,267,18*7A
<< $GPGSV,3,3,12,08,11,303,,02,03,324,,13,02,113,,28,01,196,*70
<< $GPRMC,160053.000,A,4153.0233,N,08748.2076,W,0.16,18.79,210107,,,D*4C
-- usb reads=17500 bytes=4700950 avg=268 sizes: 1x8103 511x8100 537x937 25x116 20x60 5x44
-- block 0x00230000 65536/65536 bytes, 32 chunks, 1096 ms (58.4 KB/s)
>> $PMTK182,7,00240000,00010000*25
<< $GPGGA,160054.000,4153.0233,N,08748.2075,W,2,7,1.16,229.4,M,-34.0,M,0000,0000*6F
<< $GPGSA,A,3,23,32,24,10,27,15,18,,,,,,1.44,1.16,0.86*04
<< $GPGSV,3,1,12,23,71,055,36,10,60,320,39,24,44,067,29,32,40,247,20*7C
<< $GPGSV,3,2,12,18,34,165,25,44,33,219,28,15,20,062,22,27,16,267,18*7A
<< $GPGSV,3,3,12,08,11,303,,02,03,324,,13,02,113,,28,01,196,*70
<< $GPRMC,160054.000,A,4153.0233,N,08748.2075,W,0.10,18.79,210107,,,D*4E
-- usb reads=18000 bytes=4834789 avg=268 sizes: 1x8334 511x8332 537x964 25x118 20x63 5x47
<< $PMTK001,182,7,3*20
-- block 0x00240000 65536/65536 bytes, 32 chunks, 1104 ms (58.0 KB/s)
>> $PMTK182,7,00250000,00010000*24
<< $GPGGA,160055.001,4153.0235,N,08748.2075,W,2,7,1.16,229.0,M,-34.0,M,0000,0000*6D
<< $GPGSA,A,3,23,32,24,10,27,15,18,,,,,,1.44,1.16,0.86*04
<< $GPGSV,3,1,12,23,71,055,36,10,60,320,39,24,44,067,29,32,40,247,20*7C
<< $GPGSV,3,2,12,18,34,165,25,44,33,219,28,15,20,062,22,27,16,267,18*7A
<< $GPGSV,3,3,12,08,11,303,,02,03,324,,13,02,113,,28,01,196,*70
<< $GPRMC,160055.001,A,4153.0235,N,08748.2075,W,0.16,18.79,210107,,,D*4E
-- usb reads=18500 bytes=4969678 avg=268 sizes: 1x8565 511x8563 537x992 25x119 20x65 5x50
<< $PMTK001,182,7,3*20
-- block 0x00250000 65536/65536 bytes, 32 chunks, 1083 ms (59.1 KB/s)
>> $PMTK182,7,00260000,00010000*27
<< $GPGGA,160057.000,4153.0234,N,08748.2075,W,2,7,1.17,227.9,M,-34.0,M,0000,0000*69
<< $GPGSA,A,3,23,32,24,10,27,15,18,,,,,,2.03,1.17,1.66*0A
<< $GPGSV,3,1,12,23,71,055,36,10,60,320,39,24,44,067,29,32,40,247,20*7C
<< $GPGSV,3,2,12,18,34,165,26,44,33,219,28,15,20,062,23,27,16,267,18*78
<< $GPGSV,3,3,12,08,11,302,,02,03,324,,13,02,113,,28,01,196,*71
<< $GPRMC,160057.000,A,4153.0234,N,08748.2075,W,0.14,18.79,210107,,,D*4E
-- usb reads=19000 bytes=5105592 avg=268 sizes: 1x8798 511x8795 537x1023 25x120 20x66 5x50
<< $PMTK001,182,7,3*20
-- block 0x00260000 65536/65536 bytes, 32 chunks, 1317 ms (48.6 KB/s)
>> $PMTK182,7,00270000,00010000*26
<< $GPGGA,160058.000,4153.0229,N,08748.2078,W,2,7,1.16,226.9,M,-34.0,M,0000,0000*67
<< $GPGSA,A,3,23,32,24,10,27,15,18,,,,,,1.44,1.16,0.86*04
<< $GPGSV,3,1,12,23,71,055,36,10,60,320,39,24,44,067,29,32,40,247,20*7C
<< $GPGSV,3,2,12,18,34,165,27,44,33,219,28,15,20,062,23,27,16,267,17*76
<< $GPGSV,3,3,12,08,11,302,,02,03,324,,13,02,113,,28,01,196,*71
<< $GPRMC,160058.000,A,4153.0229,N,08748.2078,W,0.32,18.79,210107,,,D*44
-- usb reads=19500 bytes=5238408 avg=268 sizes: 1x9031 511x9028 537x1047 25x127 20x67 5x50
<< $PMTK001,182,7,3*20
-- block 0x00270000 65536/65536 bytes, 32 chunks, 1095 ms (58.4 KB/s)
>> $PMTK182,7,00280000,00010000*29
<< $GPGGA,160059.000,4153.0225,N,08748.2082,W,2,7,1.16,226.1,M,-34.0,M,0000,0000*67
<< $GPGSA,A,3,23,32,24,10,27,15,18,,,,,,1.44,1.16,0.86*04
<< $GPGSV,3,1,12,23,71,055,36,10,61,320,39,24,44,067,28,32,40,247,19*76
<< $GPGSV,3,2,12,18,34,165,27,44,33,219,28,15,20,062,23,27,16,267,17*76
<< $GPGSV,3,3,12,08,11,302,,02,03,324,,13,02,113,,28,01,196,*71
<< $GPRMC,160059.000,A,4153.0225,N,08748.2082,W,0.31,18.79,210107,,,D*4F
-- usb reads=20000 bytes=5373808 avg=268 sizes: 1x9262 511x9260 537x1076 25x128 20x69 5x52
<< $PMTK001,182,7,3*20
-- block 0x00280000 65536/65536 bytes, 32 chunks, 1098 ms (58.3 KB/s)
>> $PMTK182,7,00290000,00010000*28
<< $GPGGA,160100.000,4153.0227,N,08748.2082,W,2,7,1.16,225.4,M,-34.0,M,0000,0000*6E
<< $GPGSA,A,3,23,32,24,10,27,15,18,,,,,,1.44,1.16,0.86*04
<< $GPGSV,3,1,12,23,71,055,36,10,61,320,39,24,44,067,28,32,40,247,20*7C
<< $GPGSV,3,2,12,18,34,165,27,44,33,219,28,15,20,062,23,27,16,267,17*76
<< $GPGSV,3,3,12,08,11,302,,02,03,324,,13,02,113,,28,01,196,*71
<< $GPRMC,160100.000,A,4153.0227,N,08748.2082,W,0.24,18.79,210107,,,D*44
-- usb reads=20500 bytes=5507137 avg=268 sizes: 1x9494 511x9491 537x1102 25x130 20x72 5x55
<< $PMTK001,182,7,3*20
-- block 0x00290000 65536/65536 bytes, 32 chunks, 1094 ms (58.5 KB/s)
>> $PMTK182,7,002A0000,00010000*50
<< $GPGGA,160101.000,4153.0228,N,08748.2083,W,2,7,1.16,224.7,M,-34.0,M,0000,0000*63
<< $GPGSA,A,3,23,32,24,10,27,15,18,,,,,,1.44,1.16,0.86*04
<< $GPGSV,3,1,12,23,71,055,36,10,61,320,39,24,44,067,28,32,40,247,21*7D
<< $GPGSV,3,2,12,18,34,165,27,44,33,219,28,15,20,062,24,27,16,267,17*71
<< $GPGSV,3,3,12,08,11,302,,02,03,324,,13,02,113,,28,01,196,*71
<< $GPRMC,160101.000,A,4153.0228,N,08748.2083,W,0.17,18.79,210107,,,D*4B
-- usb reads=21000 bytes=5641489 avg=268 sizes: 1x9727 511x9724 537x1129 25x134 20x73 5x55
<< $PMTK001,182,7,3*20
-- block 0x002A0000 65536/65536 bytes, 32 chunks, 1098 ms (58.3 KB/s)
>> $PMTK182,7,002B0000,00010000*53
<< $GPGGA,160102.000,4153.0229,N,08748.2084,W,2,7,1.16,224.2,M,-34.0,M,0000,0000*63
<< $GPGSA,A,3,23,32,24,10,27,15,18,,,,,,1.44,1.16,0.86*04
<< $GPGSV,3,1,12,23,71,055,37,10,61,320,39,24,44,067,27,32,40,247,21*73
<< $GPGSV,3,2,12,18,34,165,27,44,33,219,28,15,20,062,24,27,16,267,17*71
<< $GPGSV,3,3,12,08,11,302,,02,03,324,,13,02,113,,28,01,196,*71
<< $GPRMC,160102.000,A,4153.0229,N,08748.2084,W,0.16,18.79,210107,,,D*4F
-- usb reads=21500 bytes=5775866 avg=268 sizes: 1x9959 511x9956 537x1156 25x138 20x74 5x56
<< $PMTK001,182,7,3*20
-- block 0x002B0000 65536/65536 bytes, 32 chunks, 1228 ms (52.1 KB/s)
>> $PMTK182,7,002C0000,00010000*52
<< $GPGGA,160104.000,4153.0228,N,08748.2085,W,2,7,1.16,223.6,M,-34.0,M,0000,0000*66
<< $GPGSA,A,3,23,32,24,10,27,15,18,,,,,,1.44,1.16,0.86*04
<< $GPGSV,3,1,12,23,71,055,37,10,61,320,38,24,44,067,27,32,40,247,21*72
<< $GPGSV,3,2,12,18,34,165,27,44,33,219,28,15,20,062,24,27,16,267,17*71
<< $GPGSV,3,3,12,08,11,302,,02,03,324,,13,02,113,,28,01,196,*71
<< $GPRMC,160104.000,A,4153.0228,N,08748.2085,W,0.16,18.79,210107,,,D*49
-- usb reads=22000 bytes=5910218 avg=268 sizes: 1x10191 511x10188 537x1182 25x141 20x75 5x58
<< $PMTK001,182,7,3*20
-- block 0x002C0000 65536/65536 bytes, 32 chunks, 1097 ms (58.3 KB/s)
>> $PMTK182,7,002D0000,00010000*55
<< $GPGGA,160105.000,4153.0230,N,08748.2086,W,2,7,1.16,223.1,M,-34.0,M,0000,0000*6A
<< $GPGSA,A,3,23,32,24,10,27,15,18,,,,,,1.44,1.16,0.86*04
<< $GPGSV,3,1,12,23,71,055,37,10,61,320,38,24,44,067,27,32,40,247,22*71
<< $GPGSV,3,2,12,18,34,165,27,44,33,219,28,15,19,062,24,27,16,267,17*7B
<< $GPGSV,3,3,12,08,11,302,,02,03,324,,13,02,113,,28,01,196,*71
<< $GPRMC,160105.000,A,4153.0230,N,08748.2086,W,0.14,18.79,210107,,,D*40
-- usb reads=22500 bytes=6045619 avg=268 sizes: 1x10422 511x10419 537x1210 25x142 20x76 5x61
<< $PMTK001,182,7,3*20
-- block 0x002D0000 65536/65536 bytes, 32 chunks, 1099 ms (58.2 KB/s)
>> $PMTK182,7,002E0000,00010000*54
<< $GPGGA,160106.000,4153.0228,N,08748.2086,W,2,7,1.16,222.7,M,-34.0,M,0000,0000*67
<< $GPGSA,A,3,23,32,24,10,27,15,18,,,,,,1.44,1.16,0.86*04
<< $GPGSV,3,1,12,23,71,055,37,10,61,320,38,24,44,067,27,32,40,247,22*71
<< $GPGSV,3,2,12,18,34,165,27,44,33,219,28,15,19,062,24,27,16,267,17*7B
<< $GPGSV,3,3,12,08,11,302,,02,03,324,,13,02,113,,28,01,196,*71
<< $GPRMC,160106.000,A,4153.0228,N,08748.2086,W,0.15,18.79,210107,,,D*4B
-- usb reads=23000 bytes=6181020 avg=268 sizes: 1x10654 511x10651 537x1239 25x144 20x77 5x62
<< $PMTK001,182,7,3*20
-- block 0x002E0000 65536/65536 bytes, 32 chunks, 1098 ms (58.3 KB/s)
>> $PMTK182,7,002F0000,00010000*57
<< $GPGGA,160107.000,4153.0225,N,08748.2085,W,2,7,1.16,222.4,M,-34.0,M,0000,0000*6B
<< $GPGSA,A,3,23,32,24,10,27,15,18,,,,,,1.44,1.16,0.86*04
<< $GPGSV,3,1,12,23,71,055,37,10,61,320,38,24,44,067,27,32,40,247,23*70
<< $GPGSV,3,2,12,18,34,165,27,44,33,219,28,15,19,062,24,27,16,267,17*7B
<< $GPGSV,3,3,12,08,11,302,,02,03,324,,13,02,113,,28,01,196,*71
<< $GPRMC,160107.000,A,4153.0225,N,08748.2085,W,0.20,18.79,210107,,,D*42
-- usb reads=23500 bytes=6315372 avg=268 sizes: 1x10886 511x10883 537x1265 25x147 20x78 5x64
-- block 0x002F0000 65536/65536 bytes, 32 chunks, 1097 ms (58.3 KB/s)
>> $PMTK182,7,00300000,00010000*20
<< $GPGGA,160108.000,4153.0226,N,08748.2085,W,2,7,1.16,222.2,M,-34.0,M,0000,0000*61
<< $GPGSA,A,3,23,32,24,10,27,15,18,,,,,,1.44,1.16,0.86*04
<< $GPGSV,3,1,12,23,71,055,37,10,61,320,38,24,44,067,27,32,40,247,22*71
<< $GPGSV,3,2,12,18,34,165,27,44,33,219,28,15,19,062,25,27,16,267,17*7A
<< $GPGSV,3,3,12,08,11,302,,02,03,324,,13,02,113,,28,01,196,*71
<< $GPRMC,160108.000,A,4153.0226,N,08748.2085,W,0.19,18.79,210107,,,D*44
-- usb reads=24000 bytes=6450260 avg=268 sizes: 1x11117 511x11115 537x1293 25x150 20x79 5x66
<< $PMTK001,182,7,3*20
-- block 0x00300000 65536/65536 bytes, 32 chunks, 1174 ms (54.5 KB/s)
>> $PMTK182,7,00310000,00010000*21
<< $GPGGA,160109.000,4153.0226,N,08748.2084,W,2,7,1.16,221.7,M,-34.0,M,0000,0000*67
<< $GPGSA,A,3,23,32,24,10,27,15,18,,,,,,1.44,1.16,0.86*04
<< $GPGSV,3,1,12,23,71,055,37,10,61,320,38,24,44,067,27,32,40,247,22*71
<< $GPGSV,3,2,12,18,34,165,27,44,33,219,28,15,19,062,25,27,16,267,17*7A
<< $GPGSV,3,3,12,08,11,302,,02,03,324,,13,02,113,,28,01,196,*71
<< $GPRMC,160109.000,A,4153.0226,N,08748.2084,W,0.15,18.79,210107,,,D*48
-- usb reads=24500 bytes=6585661 avg=268 sizes: 1x11349 511x11347 537x1322 25x152 20x80 5x67
<< $PMTK001,182,7,3*20
-- block 0x00310000 65536/65536 bytes, 32 chunks, 1091 ms (58.7 KB/s)
>> $PMTK182,7,00320000,00010000*22
<< $GPGGA,160110.000,4153.0228,N,08748.2081,W,2,7,1.16,220.5,M,-34.0,M,0000,0000*67
<< $GPGSA,A,3,23,32,24,10,27,15,18,,,,,,1.44,1.16,0.86*04
<< $GPGSV,3,1,12,23,71,055,37,10,61,320,38,24,44,067,27,32,40,247,22*71
<< $GPGSV,3,2,12,18,34,165,27,44,33,219,28,15,19,062,26,27,16,267,17*79
<< $GPGSV,3,3,12,08,11,302,,02,03,324,,13,02,113,,28,01,196,*71
<< $GPRMC,160110.000,A,4153.0228,N,08748.2081,W,0.13,18.79,210107,,,D*4D
-- usb reads=25000 bytes=6720014 avg=268 sizes: 1x11582 511x11579 537x1350 25x154 20x82 5x68
<< $PMTK001,182,7,3*20
-- block 0x00320000 65536/65536 bytes, 32 chunks, 1074 ms (59.6 KB/s)
>> $PMTK182,7,00330000,00010000*23
<< $GPGGA,160111.000,4153.0228,N,08748.2082,W,2,7,1.16,220.1,M,-34.0,M,0000,0000*61
<< $GPGSA,A,3,23,32,24,10,27,15,18,,,,,,1.44,1.16,0.86*04
<< $GPGSV,3,1,12,23,71,055,37,10,61,320,38,24,44,067,27,32,40,247,23*70
<< $GPGSV,3,2,12,18,34,165,27,44,33,219,28,15,19,062,26,27,16,267,17*79
<< $GPGSV,3,3,12,08,11,302,,02,03,324,,13,02,113,,28,01,196,*71
<< $GPRMC,160111.000,A,4153.0228,N,08748.2082,W,0.15,18.79,210107,,,D*49
-- usb reads=25500 bytes=6855926 avg=268 sizes: 1x11814 511x11812 537x1380 25x156 20x83 5x68
<< $PMTK001,182,7,3*20
-- block 0x00330000 65536/65536 bytes, 32 chunks, 1088 ms (58.8 KB/s)
>> $PMTK182,7,00340000,00010000*24
<< $GPGGA,160113.000,4153.0231,N,08748.2080,W,2,7,1.16,219.3,M,-34.0,M,0000,0000*61
<< $GPGSA,A,3,23,32,24,10,27,15,18,,,,,,1.44,1.16,0.86*04
<< $GPGSV,3,1,12,23,71,055,37,10,61,320,38,24,44,067,27,32,40,247,24*77
<< $GPGSV,3,2,12,18,34,165,27,44,33,219,28,15,19,062,26,27,16,267,17*79
<< $GPGSV,3,3,12,08,11,302,,02,03,324,,13,02,113,,28,01,196,*71
<< $GPRMC,160113.000,A,4153.0231,N,08748.2080,W,0.13,18.79,210107,,,D*47
-- usb reads=26000 bytes=6991327 avg=268 sizes: 1x12046 511x12044 537x1409 25x158 20x84 5x69
<< $PMTK001,182,7,3*20
-- block 0x00340000 65536/65536 bytes, 32 chunks, 1094 ms (58.5 KB/s)
>> $PMTK182,7,00350000,00010000*25
<< $GPGGA,160114.000,4153.0230,N,08748.2081,W,2,7,1.16,219.0,M,-34.0,M,0000,0000*65
<< $GPGSA,A,3,23,32,24,10,27,15,18,,,,,,1.44,1.16,0.86*04
<< $GPGSV,3,1,12,23,70,056,37,10,61,320,38,24,44,067,26,32,40,247,24*74
<< $GPGSV,3,2,12,18,34,165,27,44,33,219,28,15,19,062,27,27,16,267,17*78
<< $GPGSV,3,3,12,08,11,302,,02,03,324,,13,02,113,,28,01,196,*71
<< $GPRMC,160114.000,A,4153.0230,N,08748.2081,W,0.14,18.79,210107,,,D*47
-- usb reads=26500 bytes=7124655 avg=268 sizes: 1x12278 511x12276 537x1435 25x161 20x87 5x71
<< $PMTK001,182,7,3*20
-- block 0x00350000 65536/65536 bytes, 32 chunks, 1100 ms (58.2 KB/s)
>> $PMTK182,7,00360000,00010000*26
<< $GPGGA,160115.000,4153.0228,N,08748.2080,W,2,7,1.16,218.3,M,-34.0,M,0000,0000*6E
<< $GPGSA,A,3,23,32,24,10,27,15,18,,,,,,1.44,1.16,0.86*04
<< $GPGSV,3,1,12,23,70,056,37,10,61,320,38,24,44,067,26,32,40,247,24*74
<< $GPGSV,3,2,12,18,34,165,28,44,33,219,28,15,19,062,27,27,16,267,17*77
<< $GPGSV,3,3,12,08,11,302,,02,03,324,,13,02,113,,28,01,196,*71
<< $GPRMC,160115.000,A,4153.0228,N,08748.2080,W,0.13,18.79,210107,,,D*49
-- usb reads=27000 bytes=7259545 avg=268 sizes: 1x12511 511x12508 537x1464 25x164 20x88 5x71
<< $PMTK001,182,7,3*20
-- block 0x00360000 65536/65536 bytes, 32 chunks, 1205 ms (53.1 KB/s)
>> $PMTK182,7,00370000,00010000*27
<< $GPGGA,160116.000,4153.0224,N,08748.2080,W,2,7,1.16,217.8,M,-34.0,M,0000,0000*65
<< $GPGSA,A,3,23,32,24,10,27,15,18,,,,,,1.44,1.16,0.86*04
<< $GPGSV,3,1,12,23,70,056,37,10,61,320,38,24,44,067,25,32,40,247,24*77
<< $GPGSV,3,2,12,18,34,165,28,44,33,219,28,15,19,062,27,27,16,267,18*78
<< $GPGSV,3,3,12,08,11,302,,02,03,324,,13,02,113,,28,01,196,*71
<< $GPRMC,160116.000,A,4153.0224,N,08748.2080,W,0.10,18.79,210107,,,D*45
-- usb reads=27500 bytes=7394409 avg=268 sizes: 1x12744 511x12741 537x1492 25x167 20x89 5x71
<< $PMTK001,182,7,3*20
-- block 0x00370000 65536/65536 bytes, 32 chunks, 1087 ms (58.9 KB/s)
>> $PMTK182,7,00380000,00010000*28
<< $GPGGA,160117.000,4153.0224,N,08748.2078,W,2,7,1.16,217.3,M,-34.0,M,0000,0000*68
<< $GPGSA,A,3,23,32,24,10,27,15,18,,,,,,1.44,1.16,0.86*04
<< $GPGSV,3,1,12,23,70,056,37,10,61,320,38,24,44,067,25,32,40,247,24*77
<< $GPGSV,3,2,12,18,34,165,28,44,33,219,28,15,19,062,27,27,16,267,18*78
<< $GPGSV,3,3,12,08,11,302,,02,03,324,,13,02,113,,28,01,196,*71
<< $GPRMC,160117.000,A,4153.0224,N,08748.2078,W,0.08,18.79,210107,,,D*4A
-- usb reads=28000 bytes=7529297 avg=268 sizes: 1x12975 511x12973 537x1520 25x169 20x91 5x73
<< $PMTK001,182,7,3*20
-- block 0x00380000 65536/65536 bytes, 32 chunks, 1091 ms (58.7 KB/s)
>> $PMTK182,7,00390000,00010000*29
<< $GPGGA,160118.000,4153.0225,N,08748.2077,W,2,7,1.16,217.1,M,-34.0,M,0000,0000*6B
<< $GPGSA,A,3,23,32,24,10,27,15,18,,,,,,1.44,1.16,0.86*04
<< $GPGSV,3,1,12,23,70,056,37,10,61,320,38,24,44,067,25,32,40,247,24*77
<< $GPGSV,3,2,12,18,34,165,28,44,33,219,28,15,19,062,27,27,16,267,18*78
<< $GPGSV,3,3,12,08,11,302,,02,03,324,,13,02,113,,28,01,196,*71
<< $GPRMC,160118.000,A,4153.0225,N,08748.2077,W,0.09,18.79,210107,,,D*4A
-- usb reads=28500 bytes=7664186 avg=268 sizes: 1x13207 511x13205 537x1548 25x172 20x92 5x74
<< $PMTK001,182,7,3*20
-- block 0x00390000 65536/65536 bytes, 32 chunks, 1110 ms (57.7 KB/s)
>> $PMTK182,7,003A0000,00010000*51
<< $GPGGA,160119.000,4153.0221,N,08748.2078,W,2,7,1.16,216.8,M,-34.0,M,0000,0000*69
<< $GPGSA,A,3,23,32,24,10,27,15,18,,,,,,1.44,1.16,0.86*04
<< $GPGSV,3,1,12,23,70,056,37,10,61,320,38,24,44,067,25,32,40,247,24*77
<< $GPGSV,3,2,12,18,34,165,28,44,33,219,28,15,19,062,27,27,16,267,18*78
<< $GPGSV,3,3,12,08,11,302,,02,03,324,,28,02,196,,13,02,113,*72
<< $GPRMC,160119.000,A,4153.0221,N,08748.2078,W,0.12,18.79,210107,,,D*4A
-- usb reads=29000 bytes=7799563 avg=268 sizes: 1x13440 511x13437 537x1577 25x173 20x93 5x75
<< $PMTK001,182,7,3*20
-- block 0x003A0000 65536/65536 bytes, 32 chunks, 1075 ms (59.5 KB/s)
>> $PMTK182,7,003B0000,00010000*52
<< $GPGGA,160121.000,4153.0219,N,08748.2078,W,2,7,1.16,216.4,M,-34.0,M,0000,0000*65
<< $GPGSA,A,3,23,32,24,10,27,15,18,,,,,,1.44,1.16,0.86*04
<< $GPGSV,3,1,12,23,70,056,37,10,61,320,38,24,44,067,25,32,40,247,24*77
<< $GPGSV,3,2,12,18,34,165,28,44,33,219,28,15,19,062,27,27,16,267,18*78
<< $GPGSV,3,3,12,08,11,302,,02,03,324,,28,02,196,,13,02,113,*72
<< $GPRMC,160121.000,A,4153.0219,N,08748.2078,W,0.11,18.79,210107,,,D*49
-- usb reads=29500 bytes=7934452 avg=268 sizes: 1x13672 511x13669 537x1605 25x176 20x94 5x76
<< $PMTK001,182,7,3*20
-- block 0x003B0000 65536/65536 bytes, 32 chunks, 1205 ms (53.1 KB/s)
>> $PMTK182,7,003C0000,00010000*53
<< $GPGGA,160122.000,4153.0217,N,08748.2076,W,2,7,1.16,215.7,M,-34.0,M,0000,0000*66
<< $GPGSA,A,3,23,32,24,10,27,15,18,,,,,,1.44,1.16,0.86*04
<< $GPGSV,3,1,12,23,70,056,37,10,61,320,38,24,44,067,24,32,40,247,24*76
<< $GPGSV,3,2,12,18,34,165,28,44,33,219,28,15,19,062,28,27,16,267,18*77
<< $GPGSV,3,3,12,08,11,302,,02,03,324,,28,02,196,,13,02,113,*72
<< $GPRMC,160122.000,A,4153.0217,N,08748.2076,W,0.10,18.79,210107,,,D*4B
-- usb reads=30000 bytes=8069341 avg=268 sizes: 1x13904 511x13901 537x1631 25x180 20x95 5x77
<< $PMTK001,182,7,3*20
-- block 0x003C0000 65536/65536 bytes, 32 chunks, 1096 ms (58.4 KB/s)
>> $PMTK182,7,003D0000,00010000*54
<< $GPGGA,160123.000,4153.0212,N,08748.2075,W,2,7,1.16,215.2,M,-34.0,M,0000,0000*64
<< $GPGSA,A,3,23,32,24,10,27,15,18,,,,,,1.44,1.16,0.86*04
<< $GPGSV,3,1,12,23,70,056,37,10,61,320,38,24,44,067,24,32,40,247,24*76
<< $GPGSV,3,2,12,18,34,165,29,44,33,219,28,15,19,062,28,27,16,267,18*76
<< $GPGSV,3,3,12,08,11,302,,02,03,324,,28,02,196,,13,02,113,*72
<< $GPRMC,160123.000,A,4153.0212,N,08748.2075,W,0.10,18.79,210107,,,D*4C
-- usb reads=30500 bytes=8203181 avg=268 sizes: 1x14137 511x14134 537x1657 25x185 20x96 5x77
<< $PMTK001,182,7,3*20
-- block 0x003D0000 65536/65536 bytes, 32 chunks, 1107 ms (57.8 KB/s)
>> $PMTK182,7,003E0000,00010000*55
<< $GPGGA,160124.000,4153.0214,N,08748.2074,W,2,7,1.16,214.7,M,-34.0,M,0000,0000*60
<< $GPGSA,A,3,23,32,24,10,27,15,18,,,,,,1.44,1.16,0.86*04
<< $GPGSV,3,1,12,23,70,056,37,10,61,320,38,24,44,067,24,32,41,247,25*76
<< $GPGSV,3,2,12,18,34,165,29,44,33,219,28,15,19,062,28,27,16,267,18*76
<< $GPGSV,3,3,12,08,11,302,,02,03,324,,28,02,196,,13,02,113,*72
<< $GPRMC,160124.000,A,4153.0214,N,08748.2074,W,0.11,18.79,210107,,,D*4D
-- usb reads=31000 bytes=8338069 avg=268 sizes: 1x14368 511x14365 537x1685 25x187 20x99 5x79
<< $PMTK001,182,7,3*20
-- block 0x003E0000 65536/65536 bytes, 32 chunks, 1085 ms (59.0 KB/s)
>> $PMTK182,7,003F0000,00010000*56
<< $GPGGA,160125.000,4153.0215,N,08748.2072,W,2,7,1.16,214.3,M,-34.0,M,0000,0000*62
<< $GPGSA,A,3,23,32,24,10,27,15,18,,,,,,1.44,1.16,0.86*04
<< $GPGSV,3,1,12,23,70,056,37,10,61,320,38,24,44,067,24,32,41,247,25*76
<< $GPGSV,3,2,12,18,34,165,29,44,33,219,28,15,19,062,28,27,16,267,18*76
<< $GPGSV,3,3,12,08,11,302,,02,03,324,,28,02,196,,13,02,113,*72
<< $GPRMC,160125.000,A,4153.0215,N,08748.2072,W,0.11,18.79,210107,,,D*4B
-- usb reads=31500 bytes=8472934 avg=268 sizes: 1x14601 511x14596 537x1712 25x190 20x100 5x80
<< $PMTK001,182,7,3*20
-- block 0x003F0000 65536/65536 bytes, 32 chunks, 1091 ms (58.7 KB/s)
>> $PMTK182,7,00400000,00010000*27
<< $GPGGA,160126.000,4153.0210,N,08748.2074,W,2,7,1.16,213.7,M,-34.0,M,0000,0000*61
<< $GPGSA,A,3,23,32,24,10,27,15,18,,,,,,1.44,1.16,0.86*04
<< $GPGSV,3,1,12,23,70,056,37,10,61,320,38,24,44,067,24,32,41,247,25*76
<< $GPGSV,3,2,12,18,34,165,29,44,33,219,28,15,19,062,28,27,16,267,18*76
<< $GPGSV,3,3,12,08,11,302,,02,03,324,,28,02,196,,13,02,113,*72
<< $GPRMC,160126.000,A,4153.0210,N,08748.2074,W,0.17,18.79,210107,,,D*4D
-- usb reads=32000 bytes=8608335 avg=269 sizes: 1x14833 511x14828 537x1741 25x192 20x101 5x81
<< $PMTK001,182,7,3*20
-- block 0x00400000 65536/65536 bytes, 32 chunks, 1270 ms (50.4 KB/s)
>> $PMTK182,7,00410000,00010000*26
<< $GPGGA,160127.000,4153.0208,N,08748.2078,W,2,7,1.16,213.3,M,-34.0,M,0000,0000*61
<< $GPGSA,A,3,23,32,24,10,27,15,18,,,,,,1.44,1.16,0.86*04
<< $GPGSV,3,1,12,23,70,056,37,10,61,320,38,24,44,067,24,32,41,247,25*76
<< $GPGSV,3,2,12,18,34,165,29,44,33,219,28,15,19,062,28,27,16,267,18*76
<< $GPGSV,3,3,12,08,11,302,,02,03,324,,28,02,196,,13,02,113,*72
<< $GPRMC,160127.000,A,4153.0208,N,08748.2078,W,0.20,18.79,210107,,,D*4D
-- usb reads=32500 bytes=8742175 avg=268 sizes: 1x15065 511x15060 537x1768 25x194 20x104 5x83
<< $PMTK001,182,7,3*20
-- block 0x00410000 65536/65536 bytes, 32 chunks, 1087 ms (58.9 KB/s)
>> $PMTK182,7,00420000,00010000*25
<< $GPGGA,160129.000,4153.0206,N,08748.2080,W,2,7,1.16,213.0,M,-34.0,M,0000,0000*65
<< $GPGSA,A,3,23,32,24,10,27,15,18,,,,,,1.44,1.16,0.85*07
<< $GPGSV,3,1,12,23,70,056,37,10,61,320,38,24,44,067,24,32,41,247,25*76
<< $GPGSV,3,2,12,18,34,165,29,44,33,219,28,15,19,062,28,27,16,267,18*76
<< $GPGSV,3,3,12,08,11,302,,02,03,324,,28,02,196,,13,02,113,*72
<< $GPRMC,160129.000,A,4153.0206,N,08748.2080,W,0.57,222.03,210107,,,D*7C
-- usb reads=33000 bytes=8877065 avg=269 sizes: 1x15297 511x15292 537x1797 25x196 20x106 5x84
<< $PMTK001,182,7,3*20
-- block 0x00420000 65536/65536 bytes, 32 chunks, 1092 ms (58.6 KB/s)
>> $PMTK182,7,00430000,00010000*24
<< $GPGGA,160130.000,4153.0206,N,08748.2078,W,2,7,1.16,212.8,M,-34.0,M,0000,0000*63
<< $GPGSA,A,3,23,32,24,10,27,15,18,,,,,,1.44,1.16,0.86*04
<< $GPGSV,3,1,12,23,70,056,37,10,61,320,38,24,44,067,24,32,41,247,25*76
<< $GPGSV,3,2,12,18,34,165,29,44,33,219,28,15,19,062,28,27,16,267,19*77
<< $GPGSV,3,3,12,08,11,302,,02,03,324,,28,02,196,,13,02,113,*72
<< $GPRMC,160130.000,A,4153.0206,N,08748.2078,W,0.18,223.41,210107,,,D*7F
-- usb reads=33500 bytes=9009370 avg=268 sizes: 1x15528 511x15523 537x1821 25x199 20x110 5x88
<< $PMTK001,182,7,3*20
-- block 0x00430000 65536/65536 bytes, 32 chunks, 1088 ms (58.8 KB/s)
>> $PMTK182,7,00440000,00010000*23
<< $GPGGA,160131.000,4153.0208,N,08748.2079,W,2,7,1.16,212.5,M,-34.0,M,0000,0000*60
<< $GPGSA,A,3,23,32,24,10,27,15,18,,,,,,1.44,1.16,0.85*07
<< $GPGSV,3,1,12,23,70,056,37,10,61,320,38,24,44,067,24,32,41,247,25*76
<< $GPGSV,3,2,12,18,34,165,29,44,33,219,28,15,19,062,28,27,16,267,19*77
<< $GPGSV,3,3,12,08,11,302,,02,03,324,,28,02,196,,13,02,113,*72
<< $GPRMC,160131.000,A,4153.0208,N,08748.2079,W,0.15,223.41,210107,,,D*7C
<< $PMTK001,182,7,3*20
-- block 0x00440000 65536/65536 bytes, 32 chunks, 1093 ms (58.6 KB/s)
>> $PMTK182,7,00450000,00010000*22
<< $GPGGA,160132.000,4153.0208,N,08748.2079,W,2,7,1.16,212.5,M,-34.0,M,0000,0000*63
<< $GPGSA,A,3,23,32,24,10,27,15,18,,,,,,1.44,1.16,0.85*07
<< $GPGSV,3,1,12,23,70,056,37,10,61,320,38,24,44,067,24,32,41,247,25*76
<< $GPGSV,3,2,12,18,34,165,29,44,33,219,28,15,19,062,28,27,16,267,19*77
<< $GPGSV,3,3,12,08,11,302,,02,03,324,,28,02,196,,13,02,113,*72
<< $GPRMC,160132.000,A,4153.0208,N,08748.2079,W,0.11,223.41,210107,,,D*7B
-- usb reads=34000 bytes=9144180 avg=268 sizes: 1x15759 511x15753 537x1847 25x204 20x112 5x88
<< $PMTK001,182,7,3*20
-- block 0x00450000 65536/65536 bytes, 32 chunks, 1094 ms (58.5 KB/s)
>> $PMTK182,7,00460000,00010000*21
<< $GPGGA,160133.000,4153.0208,N,08748.2079,W,2,7,1.16,212.5,M,-34.0,M,0000,0000*62
<< $GPGSA,A,3,23,32,24,10,27,15,18,,,,,,1.44,1.16,0.86*04
<< $GPGSV,3,1,12,23,70,056,37,10,61,320,38,24,44,067,24,32,41,247,24*77
<< $GPGSV,3,2,12,18,34,165,29,44,33,219,28,15,19,062,28,27,16,267,19*77
<< $GPGSV,3,3,12,08,11,302,,02,03,324,,28,02,196,,13,02,113,*72
<< $GPRMC,160133.000,A,4153.0208,N,08748.2079,W,0.02,223.41,210107,,,D*78
-- usb reads=34500 bytes=9278533 avg=268 sizes: 1x15991 511x15985 537x1874 25x206 20x114 5x90
<< $PMTK001,182,7,3*20
-- block 0x00460000 65536/65536 bytes, 32 chunks, 1253 ms (51.1 KB/s)
>> $PMTK182,7,00470000,00010000*20
<< $GPGGA,160134.000,4153.0208,N,08748.2079,W,2,7,1.16,212.5,M,-34.0,M,0000,0000*65
<< $GPGSA,A,3,23,32,24,10,27,15,18,,,,,,1.44,1.16,0.85*07
<< $GPGSV,3,1,12,23,70,056,37,10,61,320,38,24,44,067,24,32,41,247,24*77
<< $GPGSV,3,2,12,18,34,165,29,44,33,219,28,15,19,062,28,27,16,267,19*77
<< $GPGSV,3,3,12,08,11,302,,02,03,324,,28,02,196,,13,02,113,*72
<< $GPRMC,160134.000,A,4153.0208,N,08748.2079,W,0.08,223.41,210107,,,D*75
-- usb reads=35000 bytes=9411862 avg=268 sizes: 1x16223 511x16217 537x1898 25x211 20x115 5x92
<< $PMTK001,182,7,3*20
-- block 0x00470000 65536/65536 bytes, 32 chunks, 1091 ms (58.7 KB/s)
>> $PMTK182,7,00480000,00010000*2F
<< $GPGGA,160135.000,4153.0208,N,08748.2080,W,2,7,1.16,212.5,M,-34.0,M,0000,0000*62
<< $GPGSA,A,3,23,32,24,10,27,15,18,,,,,,1.44,1.16,0.85*07
<< $GPGSV,3,1,12,23,70,056,37,10,61,321,38,24,44,067,24,32,41,247,23*71
<< $GPGSV,3,2,12,18,34,165,29,44,33,219,28,15,19,062,28,27,16,267,18*76
<< $GPGSV,3,3,12,08,11,302,,02,03,324,,28,02,196,,13,02,113,*72
<< $GPRMC,160135.000,A,4153.0208,N,08748.2080,W,0.08,223.41,210107,,,D*72
-- usb reads=35500 bytes=9546752 avg=268 sizes: 1x16455 511x16449 537x1926 25x214 20x116 5x93
<< $PMTK001,182,7,3*20
-- block 0x00480000 65536/65536 bytes, 32 chunks, 1098 ms (58.3 KB/s)
>> $PMTK182,7,00490000,00010000*2E
<< $GPGGA,160137.000,4153.0208,N,08748.2080,W,2,7,1.16,212.4,M,-34.0,M,0000,0000*61
<< $GPGSA,A,3,23,32,24,10,27,15,18,,,,,,1.44,1.16,0.85*07
<< $GPGSV,3,1,12,23,70,056,37,10,61,321,38,24,44,067,24,32,41,247,23*71
<< $GPGSV,3,2,12,18,34,165,29,44,33,219,28,15,19,062,28,27,16,267,18*76
<< $GPGSV,3,3,12,08,11,302,,02,03,324,,28,02,196,,13,02,113,*72
<< $GPRMC,160137.000,A,4153.0208,N,08748.2080,W,0.67,223.41,210107,,,D*79
-- usb reads=36000 bytes=9680593 avg=268 sizes: 1x16687 511x16681 537x1953 25x216 20x119 5x95
<< $PMTK001,182,7,3*20
-- block 0x00490000 65536/65536 bytes, 32 chunks, 1085 ms (59.0 KB/s)
>> $PMTK182,7,004A0000,00010000*56
<< $GPGGA,160138.000,4153.0210,N,08748.2080,W,2,7,1.17,212.5,M,-34.0,M,0000,0000*67
<< $GPGSA,A,3,23,32,24,10,27,15,18,,,,,,2.02,1.17,1.65*08
<< $GPGSV,3,1,12,23,70,056,37,10,61,321,37,24,44,067,24,32,41,247,22*7F
<< $GPGSV,3,2,12,18,34,165,29,44,33,219,28,15,19,062,28,27,16,267,19*77
<< $GPGSV,3,3,12,08,11,302,,02,03,324,,28,02,196,,13,02,113,*72
<< $GPRMC,160138.000,A,4153.0210,N,08748.2080,W,0.17,223.41,210107,,,D*78
-- usb reads=36500 bytes=9814460 avg=268 sizes: 1x16919 511x16912 537x1980 25x219 20x121 5x97
<< $PMTK001,182,7,3*20
-- block 0x004A0000 65536/65536 bytes, 32 chunks, 1078 ms (59.4 KB/s)
>> $PMTK182,7,004B0000,00010000*55
<< $GPGGA,160139.000,4153.0210,N,08748.2081,W,2,7,1.16,212.4,M,-34.0,M,0000,0000*67
<< $GPGSA,A,3,23,32,24,10,27,15,18,,,,,,1.44,1.16,0.85*07
<< $GPGSV,3,1,12,23,70,056,37,10,61,321,37,24,44,067,23,32,41,247,22*78
<< $GPGSV,3,2,12,18,34,165,29,44,33,219,28,15,19,062,28,27,16,267,20*7D
<< $GPGSV,3,3,12,08,11,302,,02,03,324,,13,03,112,,28,02,196,*72
<< $GPRMC,160139.000,A,4153.0210,N,08748.2081,W,0.15,223.41,210107,,,D*7A
-- usb reads=37000 bytes=9949836 avg=268 sizes: 1x17151 511x17145 537x2008 25x221 20x122 5x98
<< $PMTK001,182,7,3*20
-- block 0x004B0000 65536/65536 bytes, 32 chunks, 1212 ms (52.8 KB/s)
>> $PMTK182,7,004C0000,00010000*54
<< $GPGGA,160140.000,4153.0210,N,08748.2081,W,2,7,1.16,212.5,M,-34.0,M,0000,0000*68
<< $GPGSA,A,3,23,32,24,10,27,15,18,,,,,,1.44,1.16,0.85*07
<< $GPGSV,3,1,12,23,70,056,37,10,61,321,37,24,44,067,22,32,41,247,23*78
<< $GPGSV,3,2,12,18,34,165,29,44,33,219,28,15,19,062,28,27,16,267,20*7D
<< $GPGSV,3,3,12,08,11,302,,02,03,324,,13,03,112,,28,02,196,*72
<< $GPRMC,160140.000,A,4153.0210,N,08748.2081,W,0.09,223.41,210107,,,D*79
-- usb reads=37500 bytes=10085239 avg=268 sizes: 1x17384 511x17377 537x2038 25x223 20x123 5x98
<< $PMTK001,182,7,3*20
-- block 0x004C0000 65536/65536 bytes, 32 chunks, 1074 ms (59.6 KB/s)
>> $PMTK182,7,004D0000,00010000*53
<< $GPGGA,160141.000,4153.0211,N,08748.2079,W,2,7,1.16,212.4,M,-34.0,M,0000,0000*6E
<< $GPGSA,A,3,23,32,24,10,27,15,18,,,,,,1.44,1.16,0.85*07
<< $GPGSV,3,1,12,23,70,056,37,10,61,321,37,24,44,067,21,32,41,247,23*7B
<< $GPGSV,3,2,12,18,34,165,29,44,33,219,28,15,19,062,28,27,16,267,20*7D
<< $GPGSV,3,3,12,08,11,302,,02,03,324,,13,03,112,,28,02,196,*72
<< $GPRMC,160141.000,A,4153.0211,N,08748.2079,W,0.08,223.41,210107,,,D*7F
-- usb reads=38000 bytes=10220128 avg=268 sizes: 1x17615 511x17609 537x2066 25x225 20x125 5x100
<< $PMTK001,182,7,3*20
-- block 0x004D0000 65536/65536 bytes, 32 chunks, 1088 ms (58.8 KB/s)
>> $PMTK182,7,004E0000,00010000*52
<< $GPGGA,160142.000,4153.0211,N,08748.2079,W,2,7,1.17,212.4,M,-34.0,M,0000,0000*6C
<< $GPGSA,A,3,23,32,24,10,27,15,18,,,,,,2.02,1.17,1.64*09
<< $GPGSV,3,1,12,23,70,056,37,10,61,321,37,24,44,067,21,32,41,247,22*7A
<< $GPGSV,3,2,12,18,34,165,29,44,33,219,28,15,19,062,28,27,16,267,21*7C
<< $GPGSV,3,3,12,08,11,302,,02,03,324,,13,03,112,,28,02,196,*72
<< $GPRMC,160142.000,A,4153.0211,N,08748.2079,W,0.21,223.41,210107,,,D*77
-- usb reads=38500 bytes=10354993 avg=268 sizes: 1x17847 511x17841 537x2094 25x226 20x127 5x102
<< $PMTK001,182,7,3*20
-- block 0x004E0000 65536/65536 bytes, 32 chunks, 1096 ms (58.4 KB/s)
>> $PMTK182,7,004F0000,00010000*51
<< $GPGGA,160143.000,4153.0210,N,08748.2080,W,2,7,1.16,212.4,M,-34.0,M,0000,0000*6B
<< $GPGSA,A,3,23,32,24,10,27,15,18,,,,,,1.44,1.16,0.85*07
<< $GPGSV,3,1,12,23,70,056,37,10,61,321,37,24,44,067,21,32,41,247,22*7A
<< $GPGSV,3,2,12,18,34,165,29,44,33,219,28,15,19,062,28,27,16,267,20*7D
<< $GPGSV,3,3,12,08,11,302,,02,03,324,,13,03,112,,28,02,196,*72
<< $GPRMC,160143.000,A,4153.0210,N,08748.2080,W,0.37,223.41,210107,,,D*76
-- usb reads=39000 bytes=10489883 avg=268 sizes: 1x18079 511x18073 537x2122 25x229 20x128 5x103
<< $PMTK001,182,7,3*20
-- block 0x004F0000 65536/65536 bytes, 32 chunks, 1097 ms (58.3 KB/s)
>> $PMTK182,7,00500000,00010000*26
<< $GPGGA,160145.000,4153.0208,N,08748.2081,W,2,7,1.16,212.4,M,-34.0,M,0000,0000*65
<< $GPGSA,A,3,23,32,24,10,27,15,18,,,,,,1.44,1.16,0.85*07
<< $GPGSV,3,1,12,23,70,056,37,10,61,321,37,24,44,067,21,32,41,247,22*7A
<< $GPGSV,3,2,12,18,34,165,29,44,33,219,28,15,19,062,28,27,16,267,20*7D
<< $GPGSV,3,3,12,08,11,302,,02,03,324,,13,03,112,,28,02,196,*72
<< $GPRMC,160145.000,A,4153.0208,N,08748.2081,W,0.40,217.82,210107,,,D*70
-- usb reads=39500 bytes=10625798 avg=269 sizes: 1x18312 511x18304 537x2152 25x231 20x129 5x103
<< $PMTK001,182,7,3*20
-- block 0x00500000 65536/65536 bytes, 32 chunks, 1216 ms (52.6 KB/s)
>> $PMTK182,7,00510000,00010000*27
<< $GPGGA,160146.000,4153.0207,N,08748.2082,W,2,7,1.16,212.4,M,-34.0,M,0000,0000*6A
<< $GPGSA,A,3,23,32,24,10,27,15,18,,,,,,1.44,1.16,0.85*07
<< $GPGSV,3,1,12,23,70,056,37,10,61,321,37,24,44,067,22,32,41,247,21*7A
<< $GPGSV,3,2,12,18,34,165,29,44,33,219,28,15,19,062,28,27,16,267,20*7D
<< $GPGSV,3,3,12,08,11,302,,02,03,324,,13,03,112,,28,02,196,*72
<< $GPRMC,160146.000,A,4153.0207,N,08748.2082,W,0.51,214.82,210107,,,D*7C
-- usb reads=40000 bytes=10759638 avg=268 sizes: 1x18543 511x18536 537x2179 25x232 20x133 5x106
<< $PMTK001,182,7,3*20
-- block 0x00510000 65536/65536 bytes, 32 chunks, 1096 ms (58.4 KB/s)
>> $PMTK182,7,00520000,00010000*24
<< $GPGGA,160147.000,4153.0206,N,08748.2083,W,2,7,1.16,212.4,M,-34.0,M,0000,0000*6B
<< $GPGSA,A,3,23,32,24,10,27,15,18,,,,,,1.44,1.16,0.85*07
<< $GPGSV,3,1,12,23,70,056,37,10,61,321,37,24,44,067,22,32,41,247,20*7B
<< $GPGSV,3,2,12,18,34,165,29,44,33,219,28,15,19,062,28,27,16,267,20*7D
<< $GPGSV,3,3,12,08,11,302,,02,03,324,,13,03,112,,28,02,196,*72
<< $GPRMC,160147.000,A,4153.0206,N,08748.2083,W,0.49,212.47,210107,,,D*7B
-- usb reads=40500 bytes=10894528 avg=269 sizes: 1x18775 511x18768 537x2207 25x235 20x134 5x107
<< $PMTK001,182,7,3*20
-- block 0x00520000 65536/65536 bytes, 32 chunks, 1084 ms (59.0 KB/s)
>> $PMTK182,7,00530000,00010000*25
<< $GPGGA,160148.000,4153.0205,N,08748.2084,W,2,7,1.16,212.4,M,-34.0,M,0000,0000*60
<< $GPGSA,A,3,23,32,24,10,27,15,18,,,,,,1.44,1.16,0.85*07
<< $GPGSV,3,1,12,23,70,056,37,10,61,321,37,24,44,067,22,32,41,247,19*71
<< $GPGSV,3,2,12,18,34,165,29,44,33,219,28,15,19,062,28,27,16,267,20*7D
<< $GPGSV,3,3,12,08,11,302,,02,03,324,,13,03,112,,28,02,196,*72
<< $GPRMC,160148.000,A,4153.0205,N,08748.2084,W,0.52,211.64,210107,,,D*78
-- usb reads=41000 bytes=11028370 avg=268 sizes: 1x19008 511x19000 537x2234 25x238 20x136 5x108
<< $PMTK001,182,7,3*20
-- block 0x00530000 65536/65536 bytes, 32 chunks, 1093 ms (58.6 KB/s)
>> $PMTK182,7,00540000,00010000*22
<< $GPGGA,160149.000,4153.0204,N,08748.2085,W,2,7,1.16,212.4,M,-34.0,M,0000,0000*61
<< $GPGSA,A,3,23,32,24,10,27,15,18,,,,,,1.44,1.16,0.85*07
<< $GPGSV,3,1,12,23,70,056,37,10,61,321,37,24,44,067,23,32,41,247,19*70
<< $GPGSV,3,2,12,18,34,165,29,44,33,219,28,15,19,062,28,27,16,267,20*7D
<< $GPGSV,3,3,12,08,11,302,,02,03,324,,13,03,112,,28,02,196,*72
<< $GPRMC,160149.000,A,4153.0204,N,08748.2085,W,0.62,212.19,210107,,,D*73
-- usb reads=41500 bytes=11161724 avg=268 sizes: 1x19240 511x19232 537x2260 25x243 20x138 5x109
<< $PMTK001,182,7,3*20
-- block 0x00540000 65536/65536 bytes, 32 chunks, 1078 ms (59.4 KB/s)
>> $PMTK182,7,00550000,00010000*23
<< $GPGGA,160150.000,4153.0205,N,08748.2087,W,2,7,1.16,212.8,M,-34.0,M,0000,0000*66
<< $GPGSA,A,3,23,32,24,10,27,15,18,,,,,,1.44,1.16,0.85*07
<< $GPGSV,3,1,12,23,70,057,37,10,61,321,37,24,44,067,23,32,41,247,18*70
<< $GPGSV,3,2,12,18,34,165,29,44,33,219,28,15,19,062,28,27,16,267,20*7D
<< $GPGSV,3,3,12,08,11,302,,02,03,324,,13,03,112,,28,02,196,*72
<< $GPRMC,160150.000,A,4153.0205,N,08748.2087,W,0.32,209.50,210107,,,D*7A
-- usb reads=42000 bytes=11297100 avg=268 sizes: 1x19472 511x19465 537x2288 25x245 20x139 5x110
<< $PMTK001,182,7,3*20
-- block 0x00550000 65536/65536 bytes, 32 chunks, 1203 ms (53.2 KB/s)
-- stopping: 2 consecutive unwritten blocks at 0x00560000